<?xml version="1.0"?>
<link_info>
   <banner>MSP430 Linker PC v16.9.0.LTS</banner>
   <copyright>Copyright (c) 2003-2015 Texas Instruments Incorporated</copyright>
   <link_time>0x586cb4b0</link_time>
   <link_errors>0x0</link_errors>
   <output_file>Fuzzy controller beta.out</output_file>
   <entry_point>
      <name>_c_int00_noargs</name>
      <address>0x4400</address>
   </entry_point>
   <input_file_list>
      <input_file id="fl-2">
         <path>.\</path>
         <kind>object</kind>
         <file>main.obj</file>
         <name>main.obj</name>
      </input_file>
      <input_file id="fl-23">
         <path>C:\ti\ccsv7\tools\compiler\ti-cgt-msp430_16.9.0.LTS\lib\</path>
         <kind>archive</kind>
         <file>rts430x_lc_rd_eabi.lib</file>
         <name>boot.obj</name>
      </input_file>
      <input_file id="fl-24">
         <path>C:\ti\ccsv7\tools\compiler\ti-cgt-msp430_16.9.0.LTS\lib\</path>
         <kind>archive</kind>
         <file>rts430x_lc_rd_eabi.lib</file>
         <name>boot_special.obj</name>
      </input_file>
      <input_file id="fl-25">
         <path>C:\ti\ccsv7\tools\compiler\ti-cgt-msp430_16.9.0.LTS\lib\</path>
         <kind>archive</kind>
         <file>rts430x_lc_rd_eabi.lib</file>
         <name>copy_decompress_lzss.obj</name>
      </input_file>
      <input_file id="fl-26">
         <path>C:\ti\ccsv7\tools\compiler\ti-cgt-msp430_16.9.0.LTS\lib\</path>
         <kind>archive</kind>
         <file>rts430x_lc_rd_eabi.lib</file>
         <name>copy_decompress_none.obj</name>
      </input_file>
      <input_file id="fl-27">
         <path>C:\ti\ccsv7\tools\compiler\ti-cgt-msp430_16.9.0.LTS\lib\</path>
         <kind>archive</kind>
         <file>rts430x_lc_rd_eabi.lib</file>
         <name>copy_zero_init.obj</name>
      </input_file>
      <input_file id="fl-28">
         <path>C:\ti\ccsv7\tools\compiler\ti-cgt-msp430_16.9.0.LTS\lib\</path>
         <kind>archive</kind>
         <file>rts430x_lc_rd_eabi.lib</file>
         <name>div16s.obj</name>
      </input_file>
      <input_file id="fl-29">
         <path>C:\ti\ccsv7\tools\compiler\ti-cgt-msp430_16.9.0.LTS\lib\</path>
         <kind>archive</kind>
         <file>rts430x_lc_rd_eabi.lib</file>
         <name>div16u.obj</name>
      </input_file>
      <input_file id="fl-2a">
         <path>C:\ti\ccsv7\tools\compiler\ti-cgt-msp430_16.9.0.LTS\lib\</path>
         <kind>archive</kind>
         <file>rts430x_lc_rd_eabi.lib</file>
         <name>exit.obj</name>
      </input_file>
      <input_file id="fl-2b">
         <path>C:\ti\ccsv7\tools\compiler\ti-cgt-msp430_16.9.0.LTS\lib\</path>
         <kind>archive</kind>
         <file>rts430x_lc_rd_eabi.lib</file>
         <name>exit_gvars.obj</name>
      </input_file>
      <input_file id="fl-2c">
         <path>C:\ti\ccsv7\tools\compiler\ti-cgt-msp430_16.9.0.LTS\lib\</path>
         <kind>archive</kind>
         <file>rts430x_lc_rd_eabi.lib</file>
         <name>fscanf.obj</name>
      </input_file>
      <input_file id="fl-2d">
         <path>C:\ti\ccsv7\tools\compiler\ti-cgt-msp430_16.9.0.LTS\lib\</path>
         <kind>archive</kind>
         <file>rts430x_lc_rd_eabi.lib</file>
         <name>int41.obj</name>
      </input_file>
      <input_file id="fl-2e">
         <path>C:\ti\ccsv7\tools\compiler\ti-cgt-msp430_16.9.0.LTS\lib\</path>
         <kind>archive</kind>
         <file>rts430x_lc_rd_eabi.lib</file>
         <name>int42.obj</name>
      </input_file>
      <input_file id="fl-2f">
         <path>C:\ti\ccsv7\tools\compiler\ti-cgt-msp430_16.9.0.LTS\lib\</path>
         <kind>archive</kind>
         <file>rts430x_lc_rd_eabi.lib</file>
         <name>int43.obj</name>
      </input_file>
      <input_file id="fl-30">
         <path>C:\ti\ccsv7\tools\compiler\ti-cgt-msp430_16.9.0.LTS\lib\</path>
         <kind>archive</kind>
         <file>rts430x_lc_rd_eabi.lib</file>
         <name>int44.obj</name>
      </input_file>
      <input_file id="fl-31">
         <path>C:\ti\ccsv7\tools\compiler\ti-cgt-msp430_16.9.0.LTS\lib\</path>
         <kind>archive</kind>
         <file>rts430x_lc_rd_eabi.lib</file>
         <name>int45.obj</name>
      </input_file>
      <input_file id="fl-32">
         <path>C:\ti\ccsv7\tools\compiler\ti-cgt-msp430_16.9.0.LTS\lib\</path>
         <kind>archive</kind>
         <file>rts430x_lc_rd_eabi.lib</file>
         <name>int46.obj</name>
      </input_file>
      <input_file id="fl-33">
         <path>C:\ti\ccsv7\tools\compiler\ti-cgt-msp430_16.9.0.LTS\lib\</path>
         <kind>archive</kind>
         <file>rts430x_lc_rd_eabi.lib</file>
         <name>int47.obj</name>
      </input_file>
      <input_file id="fl-34">
         <path>C:\ti\ccsv7\tools\compiler\ti-cgt-msp430_16.9.0.LTS\lib\</path>
         <kind>archive</kind>
         <file>rts430x_lc_rd_eabi.lib</file>
         <name>int48.obj</name>
      </input_file>
      <input_file id="fl-35">
         <path>C:\ti\ccsv7\tools\compiler\ti-cgt-msp430_16.9.0.LTS\lib\</path>
         <kind>archive</kind>
         <file>rts430x_lc_rd_eabi.lib</file>
         <name>int49.obj</name>
      </input_file>
      <input_file id="fl-36">
         <path>C:\ti\ccsv7\tools\compiler\ti-cgt-msp430_16.9.0.LTS\lib\</path>
         <kind>archive</kind>
         <file>rts430x_lc_rd_eabi.lib</file>
         <name>int50.obj</name>
      </input_file>
      <input_file id="fl-37">
         <path>C:\ti\ccsv7\tools\compiler\ti-cgt-msp430_16.9.0.LTS\lib\</path>
         <kind>archive</kind>
         <file>rts430x_lc_rd_eabi.lib</file>
         <name>int51.obj</name>
      </input_file>
      <input_file id="fl-38">
         <path>C:\ti\ccsv7\tools\compiler\ti-cgt-msp430_16.9.0.LTS\lib\</path>
         <kind>archive</kind>
         <file>rts430x_lc_rd_eabi.lib</file>
         <name>int52.obj</name>
      </input_file>
      <input_file id="fl-39">
         <path>C:\ti\ccsv7\tools\compiler\ti-cgt-msp430_16.9.0.LTS\lib\</path>
         <kind>archive</kind>
         <file>rts430x_lc_rd_eabi.lib</file>
         <name>int53.obj</name>
      </input_file>
      <input_file id="fl-3a">
         <path>C:\ti\ccsv7\tools\compiler\ti-cgt-msp430_16.9.0.LTS\lib\</path>
         <kind>archive</kind>
         <file>rts430x_lc_rd_eabi.lib</file>
         <name>int54.obj</name>
      </input_file>
      <input_file id="fl-3b">
         <path>C:\ti\ccsv7\tools\compiler\ti-cgt-msp430_16.9.0.LTS\lib\</path>
         <kind>archive</kind>
         <file>rts430x_lc_rd_eabi.lib</file>
         <name>int55.obj</name>
      </input_file>
      <input_file id="fl-3c">
         <path>C:\ti\ccsv7\tools\compiler\ti-cgt-msp430_16.9.0.LTS\lib\</path>
         <kind>archive</kind>
         <file>rts430x_lc_rd_eabi.lib</file>
         <name>int56.obj</name>
      </input_file>
      <input_file id="fl-3d">
         <path>C:\ti\ccsv7\tools\compiler\ti-cgt-msp430_16.9.0.LTS\lib\</path>
         <kind>archive</kind>
         <file>rts430x_lc_rd_eabi.lib</file>
         <name>int57.obj</name>
      </input_file>
      <input_file id="fl-3e">
         <path>C:\ti\ccsv7\tools\compiler\ti-cgt-msp430_16.9.0.LTS\lib\</path>
         <kind>archive</kind>
         <file>rts430x_lc_rd_eabi.lib</file>
         <name>int58.obj</name>
      </input_file>
      <input_file id="fl-3f">
         <path>C:\ti\ccsv7\tools\compiler\ti-cgt-msp430_16.9.0.LTS\lib\</path>
         <kind>archive</kind>
         <file>rts430x_lc_rd_eabi.lib</file>
         <name>int59.obj</name>
      </input_file>
      <input_file id="fl-40">
         <path>C:\ti\ccsv7\tools\compiler\ti-cgt-msp430_16.9.0.LTS\lib\</path>
         <kind>archive</kind>
         <file>rts430x_lc_rd_eabi.lib</file>
         <name>int60.obj</name>
      </input_file>
      <input_file id="fl-41">
         <path>C:\ti\ccsv7\tools\compiler\ti-cgt-msp430_16.9.0.LTS\lib\</path>
         <kind>archive</kind>
         <file>rts430x_lc_rd_eabi.lib</file>
         <name>int61.obj</name>
      </input_file>
      <input_file id="fl-42">
         <path>C:\ti\ccsv7\tools\compiler\ti-cgt-msp430_16.9.0.LTS\lib\</path>
         <kind>archive</kind>
         <file>rts430x_lc_rd_eabi.lib</file>
         <name>int62.obj</name>
      </input_file>
      <input_file id="fl-43">
         <path>C:\ti\ccsv7\tools\compiler\ti-cgt-msp430_16.9.0.LTS\lib\</path>
         <kind>archive</kind>
         <file>rts430x_lc_rd_eabi.lib</file>
         <name>isr_trap.obj</name>
      </input_file>
      <input_file id="fl-44">
         <path>C:\ti\ccsv7\tools\compiler\ti-cgt-msp430_16.9.0.LTS\lib\</path>
         <kind>archive</kind>
         <file>rts430x_lc_rd_eabi.lib</file>
         <name>isspace.obj</name>
      </input_file>
      <input_file id="fl-45">
         <path>C:\ti\ccsv7\tools\compiler\ti-cgt-msp430_16.9.0.LTS\lib\</path>
         <kind>archive</kind>
         <file>rts430x_lc_rd_eabi.lib</file>
         <name>memcpy.obj</name>
      </input_file>
      <input_file id="fl-46">
         <path>C:\ti\ccsv7\tools\compiler\ti-cgt-msp430_16.9.0.LTS\lib\</path>
         <kind>archive</kind>
         <file>rts430x_lc_rd_eabi.lib</file>
         <name>mpu_init.obj</name>
      </input_file>
      <input_file id="fl-47">
         <path>C:\ti\ccsv7\tools\compiler\ti-cgt-msp430_16.9.0.LTS\lib\</path>
         <kind>archive</kind>
         <file>rts430x_lc_rd_eabi.lib</file>
         <name>mult16.obj</name>
      </input_file>
      <input_file id="fl-48">
         <path>C:\ti\ccsv7\tools\compiler\ti-cgt-msp430_16.9.0.LTS\lib\</path>
         <kind>archive</kind>
         <file>rts430x_lc_rd_eabi.lib</file>
         <name>mult1632_f5hw.obj</name>
      </input_file>
      <input_file id="fl-49">
         <path>C:\ti\ccsv7\tools\compiler\ti-cgt-msp430_16.9.0.LTS\lib\</path>
         <kind>archive</kind>
         <file>rts430x_lc_rd_eabi.lib</file>
         <name>mult16_f5hw.obj</name>
      </input_file>
      <input_file id="fl-4a">
         <path>C:\ti\ccsv7\tools\compiler\ti-cgt-msp430_16.9.0.LTS\lib\</path>
         <kind>archive</kind>
         <file>rts430x_lc_rd_eabi.lib</file>
         <name>mult3264_f5hw.obj</name>
      </input_file>
      <input_file id="fl-4b">
         <path>C:\ti\ccsv7\tools\compiler\ti-cgt-msp430_16.9.0.LTS\lib\</path>
         <kind>archive</kind>
         <file>rts430x_lc_rd_eabi.lib</file>
         <name>mult32_f5hw.obj</name>
      </input_file>
      <input_file id="fl-4c">
         <path>C:\ti\ccsv7\tools\compiler\ti-cgt-msp430_16.9.0.LTS\lib\</path>
         <kind>archive</kind>
         <file>rts430x_lc_rd_eabi.lib</file>
         <name>mult64_f5hw.obj</name>
      </input_file>
      <input_file id="fl-4d">
         <path>C:\ti\ccsv7\tools\compiler\ti-cgt-msp430_16.9.0.LTS\lib\</path>
         <kind>archive</kind>
         <file>rts430x_lc_rd_eabi.lib</file>
         <name>pre_init.obj</name>
      </input_file>
      <input_file id="fl-4e">
         <path>C:\ti\ccsv7\tools\compiler\ti-cgt-msp430_16.9.0.LTS\lib\</path>
         <kind>archive</kind>
         <file>rts430x_lc_rd_eabi.lib</file>
         <name>printf.obj</name>
      </input_file>
      <input_file id="fl-4f">
         <path>C:\ti\ccsv7\tools\compiler\ti-cgt-msp430_16.9.0.LTS\lib\</path>
         <kind>archive</kind>
         <file>rts430x_lc_rd_eabi.lib</file>
         <name>ungetc.obj</name>
      </input_file>
      <input_file id="fl-50">
         <path>C:\ti\ccsv7\tools\compiler\ti-cgt-msp430_16.9.0.LTS\lib\</path>
         <kind>archive</kind>
         <file>rts430x_lc_rd_eabi.lib</file>
         <name>vla_alloc.obj</name>
      </input_file>
      <input_file id="fl-51">
         <path>C:\ti\ccsv7\tools\compiler\ti-cgt-msp430_16.9.0.LTS\lib\</path>
         <kind>archive</kind>
         <file>rts430x_lc_rd_eabi.lib</file>
         <name>_lock.obj</name>
      </input_file>
      <input_file id="fl-52">
         <path>C:\ti\ccsv7\tools\compiler\ti-cgt-msp430_16.9.0.LTS\lib\</path>
         <kind>archive</kind>
         <file>rts430x_lc_rd_eabi.lib</file>
         <name>_printfi_min.obj</name>
      </input_file>
      <input_file id="fl-53">
         <path>C:\ti\ccsv7\tools\compiler\ti-cgt-msp430_16.9.0.LTS\lib\</path>
         <kind>archive</kind>
         <file>rts430x_lc_rd_eabi.lib</file>
         <name>_scanfi_min.obj</name>
      </input_file>
      <input_file id="fl-54">
         <path>C:\ti\ccsv7\tools\compiler\ti-cgt-msp430_16.9.0.LTS\lib\</path>
         <kind>archive</kind>
         <file>rts430x_lc_rd_eabi.lib</file>
         <name>args_main.obj</name>
      </input_file>
      <input_file id="fl-55">
         <path>C:\ti\ccsv7\tools\compiler\ti-cgt-msp430_16.9.0.LTS\lib\</path>
         <kind>archive</kind>
         <file>rts430x_lc_rd_eabi.lib</file>
         <name>autoinit_wdt.obj</name>
      </input_file>
      <input_file id="fl-56">
         <path>C:\ti\ccsv7\tools\compiler\ti-cgt-msp430_16.9.0.LTS\lib\</path>
         <kind>archive</kind>
         <file>rts430x_lc_rd_eabi.lib</file>
         <name>cpy_tbl.obj</name>
      </input_file>
      <input_file id="fl-57">
         <path>C:\ti\ccsv7\tools\compiler\ti-cgt-msp430_16.9.0.LTS\lib\</path>
         <kind>archive</kind>
         <file>rts430x_lc_rd_eabi.lib</file>
         <name>ctype.obj</name>
      </input_file>
      <input_file id="fl-58">
         <path>C:\ti\ccsv7\tools\compiler\ti-cgt-msp430_16.9.0.LTS\lib\</path>
         <kind>archive</kind>
         <file>rts430x_lc_rd_eabi.lib</file>
         <name>defs.obj</name>
      </input_file>
      <input_file id="fl-59">
         <path>C:\ti\ccsv7\tools\compiler\ti-cgt-msp430_16.9.0.LTS\lib\</path>
         <kind>archive</kind>
         <file>rts430x_lc_rd_eabi.lib</file>
         <name>error.obj</name>
      </input_file>
      <input_file id="fl-5a">
         <path>C:\ti\ccsv7\tools\compiler\ti-cgt-msp430_16.9.0.LTS\lib\</path>
         <kind>archive</kind>
         <file>rts430x_lc_rd_eabi.lib</file>
         <name>fgetc.obj</name>
      </input_file>
      <input_file id="fl-5b">
         <path>C:\ti\ccsv7\tools\compiler\ti-cgt-msp430_16.9.0.LTS\lib\</path>
         <kind>archive</kind>
         <file>rts430x_lc_rd_eabi.lib</file>
         <name>fprintf.obj</name>
      </input_file>
      <input_file id="fl-5c">
         <path>C:\ti\ccsv7\tools\compiler\ti-cgt-msp430_16.9.0.LTS\lib\</path>
         <kind>archive</kind>
         <file>rts430x_lc_rd_eabi.lib</file>
         <name>fputc.obj</name>
      </input_file>
      <input_file id="fl-5d">
         <path>C:\ti\ccsv7\tools\compiler\ti-cgt-msp430_16.9.0.LTS\lib\</path>
         <kind>archive</kind>
         <file>rts430x_lc_rd_eabi.lib</file>
         <name>fputs.obj</name>
      </input_file>
      <input_file id="fl-5e">
         <path>C:\ti\ccsv7\tools\compiler\ti-cgt-msp430_16.9.0.LTS\lib\</path>
         <kind>archive</kind>
         <file>rts430x_lc_rd_eabi.lib</file>
         <name>isxdigit.obj</name>
      </input_file>
      <input_file id="fl-5f">
         <path>C:\ti\ccsv7\tools\compiler\ti-cgt-msp430_16.9.0.LTS\lib\</path>
         <kind>archive</kind>
         <file>rts430x_lc_rd_eabi.lib</file>
         <name>lowlev.obj</name>
      </input_file>
      <input_file id="fl-60">
         <path>C:\ti\ccsv7\tools\compiler\ti-cgt-msp430_16.9.0.LTS\lib\</path>
         <kind>archive</kind>
         <file>rts430x_lc_rd_eabi.lib</file>
         <name>lsr64.obj</name>
      </input_file>
      <input_file id="fl-61">
         <path>C:\ti\ccsv7\tools\compiler\ti-cgt-msp430_16.9.0.LTS\lib\</path>
         <kind>archive</kind>
         <file>rts430x_lc_rd_eabi.lib</file>
         <name>memccpy.obj</name>
      </input_file>
      <input_file id="fl-62">
         <path>C:\ti\ccsv7\tools\compiler\ti-cgt-msp430_16.9.0.LTS\lib\</path>
         <kind>archive</kind>
         <file>rts430x_lc_rd_eabi.lib</file>
         <name>memchr.obj</name>
      </input_file>
      <input_file id="fl-63">
         <path>C:\ti\ccsv7\tools\compiler\ti-cgt-msp430_16.9.0.LTS\lib\</path>
         <kind>archive</kind>
         <file>rts430x_lc_rd_eabi.lib</file>
         <name>memory.obj</name>
      </input_file>
      <input_file id="fl-64">
         <path>C:\ti\ccsv7\tools\compiler\ti-cgt-msp430_16.9.0.LTS\lib\</path>
         <kind>archive</kind>
         <file>rts430x_lc_rd_eabi.lib</file>
         <name>memset.obj</name>
      </input_file>
      <input_file id="fl-65">
         <path>C:\ti\ccsv7\tools\compiler\ti-cgt-msp430_16.9.0.LTS\lib\</path>
         <kind>archive</kind>
         <file>rts430x_lc_rd_eabi.lib</file>
         <name>setvbuf.obj</name>
      </input_file>
      <input_file id="fl-66">
         <path>C:\ti\ccsv7\tools\compiler\ti-cgt-msp430_16.9.0.LTS\lib\</path>
         <kind>archive</kind>
         <file>rts430x_lc_rd_eabi.lib</file>
         <name>startup.obj</name>
      </input_file>
      <input_file id="fl-67">
         <path>C:\ti\ccsv7\tools\compiler\ti-cgt-msp430_16.9.0.LTS\lib\</path>
         <kind>archive</kind>
         <file>rts430x_lc_rd_eabi.lib</file>
         <name>strchr.obj</name>
      </input_file>
      <input_file id="fl-68">
         <path>C:\ti\ccsv7\tools\compiler\ti-cgt-msp430_16.9.0.LTS\lib\</path>
         <kind>archive</kind>
         <file>rts430x_lc_rd_eabi.lib</file>
         <name>strcmp.obj</name>
      </input_file>
      <input_file id="fl-69">
         <path>C:\ti\ccsv7\tools\compiler\ti-cgt-msp430_16.9.0.LTS\lib\</path>
         <kind>archive</kind>
         <file>rts430x_lc_rd_eabi.lib</file>
         <name>strlen.obj</name>
      </input_file>
      <input_file id="fl-6a">
         <path>C:\ti\ccsv7\tools\compiler\ti-cgt-msp430_16.9.0.LTS\lib\</path>
         <kind>archive</kind>
         <file>rts430x_lc_rd_eabi.lib</file>
         <name>strncpy.obj</name>
      </input_file>
      <input_file id="fl-6b">
         <path>C:\ti\ccsv7\tools\compiler\ti-cgt-msp430_16.9.0.LTS\lib\</path>
         <kind>archive</kind>
         <file>rts430x_lc_rd_eabi.lib</file>
         <name>strtol.obj</name>
      </input_file>
      <input_file id="fl-6c">
         <path>C:\ti\ccsv7\tools\compiler\ti-cgt-msp430_16.9.0.LTS\lib\</path>
         <kind>archive</kind>
         <file>rts430x_lc_rd_eabi.lib</file>
         <name>strtoul.obj</name>
      </input_file>
      <input_file id="fl-6d">
         <path>C:\ti\ccsv7\tools\compiler\ti-cgt-msp430_16.9.0.LTS\lib\</path>
         <kind>archive</kind>
         <file>rts430x_lc_rd_eabi.lib</file>
         <name>trgdrv.obj</name>
      </input_file>
      <input_file id="fl-6e">
         <path>C:\ti\ccsv7\tools\compiler\ti-cgt-msp430_16.9.0.LTS\lib\</path>
         <kind>archive</kind>
         <file>rts430x_lc_rd_eabi.lib</file>
         <name>trgmsg.obj</name>
      </input_file>
      <input_file id="fl-6f">
         <path>C:\ti\ccsv7\tools\compiler\ti-cgt-msp430_16.9.0.LTS\lib\</path>
         <kind>archive</kind>
         <file>rts430x_lc_rd_eabi.lib</file>
         <name>_bufread.obj</name>
      </input_file>
      <input_file id="fl-70">
         <path>C:\ti\ccsv7\tools\compiler\ti-cgt-msp430_16.9.0.LTS\lib\</path>
         <kind>archive</kind>
         <file>rts430x_lc_rd_eabi.lib</file>
         <name>_io_perm.obj</name>
      </input_file>
      <input_file id="fl-71">
         <path>C:\ti\ccsv7\tools\compiler\ti-cgt-msp430_16.9.0.LTS\lib\</path>
         <kind>archive</kind>
         <file>rts430x_lc_rd_eabi.lib</file>
         <name>asr32.obj</name>
      </input_file>
      <input_file id="fl-72">
         <path>C:\ti\ccsv7\tools\compiler\ti-cgt-msp430_16.9.0.LTS\lib\</path>
         <kind>archive</kind>
         <file>rts430x_lc_rd_eabi.lib</file>
         <name>div32u.obj</name>
      </input_file>
      <input_file id="fl-73">
         <path>C:\ti\ccsv7\tools\compiler\ti-cgt-msp430_16.9.0.LTS\lib\</path>
         <kind>archive</kind>
         <file>rts430x_lc_rd_eabi.lib</file>
         <name>errno.obj</name>
      </input_file>
      <input_file id="fl-74">
         <path>C:\ti\ccsv7\tools\compiler\ti-cgt-msp430_16.9.0.LTS\lib\</path>
         <kind>archive</kind>
         <file>rts430x_lc_rd_eabi.lib</file>
         <name>fflush.obj</name>
      </input_file>
      <input_file id="fl-75">
         <path>C:\ti\ccsv7\tools\compiler\ti-cgt-msp430_16.9.0.LTS\lib\</path>
         <kind>archive</kind>
         <file>rts430x_lc_rd_eabi.lib</file>
         <name>fopen.obj</name>
      </input_file>
      <input_file id="fl-76">
         <path>C:\ti\ccsv7\tools\compiler\ti-cgt-msp430_16.9.0.LTS\lib\</path>
         <kind>archive</kind>
         <file>rts430x_lc_rd_eabi.lib</file>
         <name>fseek.obj</name>
      </input_file>
      <input_file id="fl-77">
         <path>C:\ti\ccsv7\tools\compiler\ti-cgt-msp430_16.9.0.LTS\lib\</path>
         <kind>archive</kind>
         <file>rts430x_lc_rd_eabi.lib</file>
         <name>lsl32.obj</name>
      </input_file>
      <input_file id="fl-78">
         <path>C:\ti\ccsv7\tools\compiler\ti-cgt-msp430_16.9.0.LTS\lib\</path>
         <kind>archive</kind>
         <file>rts430x_lc_rd_eabi.lib</file>
         <name>mult32.obj</name>
      </input_file>
      <input_file id="fl-79">
         <path>C:\ti\ccsv7\tools\compiler\ti-cgt-msp430_16.9.0.LTS\lib\</path>
         <kind>archive</kind>
         <file>rts430x_lc_rd_eabi.lib</file>
         <name>strcpy.obj</name>
      </input_file>
      <input_file id="fl-7a">
         <path>C:\ti\ccsv7\tools\compiler\ti-cgt-msp430_16.9.0.LTS\lib\</path>
         <kind>archive</kind>
         <file>rts430x_lc_rd_eabi.lib</file>
         <name>fclose.obj</name>
      </input_file>
      <input_file id="fl-7b">
         <path>C:\ti\ccsv7\tools\compiler\ti-cgt-msp430_16.9.0.LTS\lib\</path>
         <kind>archive</kind>
         <file>rts430x_lc_rd_eabi.lib</file>
         <name>remove.obj</name>
      </input_file>
   </input_file_list>
   <object_component_list>
      <object_component id="oc-5f4">
         <name>.bss</name>
         <uninitialized>true</uninitialized>
         <run_address>0x2816</run_address>
         <size>0x4</size>
         <input_file_ref idref="fl-50"/>
      </object_component>
      <object_component id="oc-5f7">
         <name>.bss:pool$1</name>
         <uninitialized>true</uninitialized>
         <run_address>0x27f2</run_address>
         <size>0x12</size>
         <input_file_ref idref="fl-50"/>
      </object_component>
      <object_component id="oc-6be">
         <name>.bss</name>
         <uninitialized>true</uninitialized>
         <run_address>0x2804</run_address>
         <size>0xa</size>
         <input_file_ref idref="fl-63"/>
      </object_component>
      <object_component id="oc-7ab">
         <name>.bss:parmbuf</name>
         <uninitialized>true</uninitialized>
         <run_address>0x280e</run_address>
         <size>0x8</size>
         <input_file_ref idref="fl-6d"/>
      </object_component>
      <object_component id="oc-7a2">
         <name>.common:__TI_tmpnams</name>
         <uninitialized>true</uninitialized>
         <run_address>0x2752</run_address>
         <size>0xa0</size>
      </object_component>
      <object_component id="oc-4ef">
         <name>.data:servicePoor</name>
         <load_address>0x2612</load_address>
         <run_address>0x2612</run_address>
         <size>0x8</size>
         <input_file_ref idref="fl-2"/>
      </object_component>
      <object_component id="oc-4f2">
         <name>.data:serviceGood</name>
         <load_address>0x2602</load_address>
         <run_address>0x2602</run_address>
         <size>0x8</size>
         <input_file_ref idref="fl-2"/>
      </object_component>
      <object_component id="oc-4f5">
         <name>.data:serviceGreat</name>
         <load_address>0x260a</load_address>
         <run_address>0x260a</run_address>
         <size>0x8</size>
         <input_file_ref idref="fl-2"/>
      </object_component>
      <object_component id="oc-4f8">
         <name>.data:foodRancid</name>
         <load_address>0x25fa</load_address>
         <run_address>0x25fa</run_address>
         <size>0x8</size>
         <input_file_ref idref="fl-2"/>
      </object_component>
      <object_component id="oc-4fb">
         <name>.data:foodDelicious</name>
         <load_address>0x25f2</load_address>
         <run_address>0x25f2</run_address>
         <size>0x8</size>
         <input_file_ref idref="fl-2"/>
      </object_component>
      <object_component id="oc-473">
         <name>.data:vars</name>
         <load_address>0x25d2</load_address>
         <run_address>0x25d2</run_address>
         <size>0x14</size>
         <input_file_ref idref="fl-2"/>
      </object_component>
      <object_component id="oc-502">
         <name>.data:rule1</name>
         <load_address>0x2592</load_address>
         <run_address>0x2592</run_address>
         <size>0x15</size>
         <input_file_ref idref="fl-2"/>
      </object_component>
      <object_component id="oc-505">
         <name>.data:rule2</name>
         <load_address>0x25a7</load_address>
         <run_address>0x25a7</run_address>
         <size>0x15</size>
         <input_file_ref idref="fl-2"/>
      </object_component>
      <object_component id="oc-508">
         <name>.data:rule3</name>
         <load_address>0x25bc</load_address>
         <run_address>0x25bc</run_address>
         <size>0x15</size>
         <input_file_ref idref="fl-2"/>
      </object_component>
      <object_component id="oc-476">
         <name>.data:rules</name>
         <load_address>0x25e6</load_address>
         <run_address>0x25e6</run_address>
         <size>0xc</size>
         <input_file_ref idref="fl-2"/>
      </object_component>
      <object_component id="oc-479">
         <name>.data:out</name>
         <load_address>0x257c</load_address>
         <run_address>0x257c</run_address>
         <size>0x16</size>
         <input_file_ref idref="fl-2"/>
      </object_component>
      <object_component id="oc-44e">
         <name>.data</name>
         <load_address>0x262e</load_address>
         <run_address>0x262e</run_address>
         <size>0x2</size>
         <input_file_ref idref="fl-2a"/>
      </object_component>
      <object_component id="oc-457">
         <name>.data:__TI_cleanup_ptr</name>
         <load_address>0x261a</load_address>
         <run_address>0x261a</run_address>
         <size>0x4</size>
         <input_file_ref idref="fl-2b"/>
      </object_component>
      <object_component id="oc-454">
         <name>.data:__TI_dtors_ptr</name>
         <load_address>0x261e</load_address>
         <run_address>0x261e</run_address>
         <size>0x4</size>
         <input_file_ref idref="fl-2b"/>
      </object_component>
      <object_component id="oc-451">
         <name>.data:_lock</name>
         <load_address>0x2622</load_address>
         <run_address>0x2622</run_address>
         <size>0x4</size>
         <input_file_ref idref="fl-51"/>
      </object_component>
      <object_component id="oc-45a">
         <name>.data:_unlock</name>
         <load_address>0x2626</load_address>
         <run_address>0x2626</run_address>
         <size>0x4</size>
         <input_file_ref idref="fl-51"/>
      </object_component>
      <object_component id="oc-4be">
         <name>.data:_ftable</name>
         <load_address>0x2400</load_address>
         <run_address>0x2400</run_address>
         <size>0xc8</size>
         <input_file_ref idref="fl-58"/>
      </object_component>
      <object_component id="oc-70a">
         <name>.data</name>
         <load_address>0x262a</load_address>
         <run_address>0x262a</run_address>
         <size>0x2</size>
         <input_file_ref idref="fl-58"/>
      </object_component>
      <object_component id="oc-749">
         <name>.data:_device</name>
         <load_address>0x24c8</load_address>
         <run_address>0x24c8</run_address>
         <size>0x78</size>
         <input_file_ref idref="fl-5f"/>
      </object_component>
      <object_component id="oc-6f6">
         <name>.data:_stream</name>
         <load_address>0x2540</load_address>
         <run_address>0x2540</run_address>
         <size>0x3c</size>
         <input_file_ref idref="fl-5f"/>
      </object_component>
      <object_component id="oc-6b5">
         <name>.data</name>
         <load_address>0x2630</load_address>
         <run_address>0x2630</run_address>
         <size>0x2</size>
         <input_file_ref idref="fl-63"/>
      </object_component>
      <object_component id="oc-68e">
         <name>.data</name>
         <load_address>0x262c</load_address>
         <run_address>0x262c</run_address>
         <size>0x2</size>
         <input_file_ref idref="fl-73"/>
      </object_component>
      <object_component id="oc-3c1">
         <name>.sysmem</name>
         <uninitialized>true</uninitialized>
         <run_address>0x281c</run_address>
         <size>0x6</size>
         <input_file_ref idref="fl-63"/>
      </object_component>
      <object_component id="oc-878">
         <name>.sysmem</name>
         <uninitialized>true</uninitialized>
         <run_address>0x281c</run_address>
         <size>0x0</size>
      </object_component>
      <object_component id="oc-3bd">
         <name>.stack</name>
         <uninitialized>true</uninitialized>
         <run_address>0x4360</run_address>
         <size>0x4</size>
         <input_file_ref idref="fl-23"/>
      </object_component>
      <object_component id="oc-877">
         <name>.stack</name>
         <uninitialized>true</uninitialized>
         <run_address>0x4360</run_address>
         <size>0x0</size>
      </object_component>
      <object_component id="oc-4e7">
         <name>.text:__TI_scanfi_minimal</name>
         <load_address>0x10000</load_address>
         <run_address>0x10000</run_address>
         <size>0x292</size>
         <input_file_ref idref="fl-53"/>
      </object_component>
      <object_component id="oc-5a3">
         <name>.text:strtol</name>
         <load_address>0x10292</load_address>
         <run_address>0x10292</run_address>
         <size>0x23c</size>
         <input_file_ref idref="fl-6b"/>
      </object_component>
      <object_component id="oc-514">
         <name>.text:__vla_alloc</name>
         <load_address>0x104ce</load_address>
         <run_address>0x104ce</run_address>
         <size>0x20c</size>
         <input_file_ref idref="fl-50"/>
      </object_component>
      <object_component id="oc-5af">
         <name>.text:_sproc_int</name>
         <load_address>0x106da</load_address>
         <run_address>0x106da</run_address>
         <size>0x1d6</size>
         <input_file_ref idref="fl-53"/>
      </object_component>
      <object_component id="oc-59d">
         <name>.text:strtoul</name>
         <load_address>0x108b0</load_address>
         <run_address>0x108b0</run_address>
         <size>0x1cc</size>
         <input_file_ref idref="fl-6c"/>
      </object_component>
      <object_component id="oc-604">
         <name>.text:realloc</name>
         <load_address>0x10a7c</load_address>
         <run_address>0x10a7c</run_address>
         <size>0x144</size>
         <input_file_ref idref="fl-63"/>
      </object_component>
      <object_component id="oc-563">
         <name>.text:_setfield</name>
         <load_address>0x10bc0</load_address>
         <run_address>0x10bc0</run_address>
         <size>0x132</size>
         <input_file_ref idref="fl-52"/>
      </object_component>
      <object_component id="oc-526">
         <name>.text:FIS_apply_implication</name>
         <load_address>0x10cf2</load_address>
         <run_address>0x10cf2</run_address>
         <size>0x118</size>
         <input_file_ref idref="fl-2"/>
      </object_component>
      <object_component id="oc-520">
         <name>.text:FIS_apply_antecedent</name>
         <load_address>0x10e0a</load_address>
         <run_address>0x10e0a</run_address>
         <size>0x110</size>
         <input_file_ref idref="fl-2"/>
      </object_component>
      <object_component id="oc-54f">
         <name>.text:fputs</name>
         <load_address>0x10f1a</load_address>
         <run_address>0x10f1a</run_address>
         <size>0xf0</size>
         <input_file_ref idref="fl-5d"/>
      </object_component>
      <object_component id="oc-677">
         <name>.text:setvbuf</name>
         <load_address>0x1100a</load_address>
         <run_address>0x1100a</run_address>
         <size>0xe0</size>
         <input_file_ref idref="fl-65"/>
      </object_component>
      <object_component id="oc-64e">
         <name>.text:_pproc_diouxp</name>
         <load_address>0x110ea</load_address>
         <run_address>0x110ea</run_address>
         <size>0xdc</size>
         <input_file_ref idref="fl-52"/>
      </object_component>
      <object_component id="oc-4cd">
         <name>.text:__TI_printfi_minimal</name>
         <load_address>0x111c6</load_address>
         <run_address>0x111c6</run_address>
         <size>0xd2</size>
         <input_file_ref idref="fl-52"/>
      </object_component>
      <object_component id="oc-532">
         <name>.text:__vla_dealloc</name>
         <load_address>0x11298</load_address>
         <run_address>0x11298</run_address>
         <size>0xc6</size>
         <input_file_ref idref="fl-50"/>
      </object_component>
      <object_component id="oc-5f8">
         <name>.text:malloc</name>
         <load_address>0x1135e</load_address>
         <run_address>0x1135e</run_address>
         <size>0xbc</size>
         <input_file_ref idref="fl-63"/>
      </object_component>
      <object_component id="oc-788">
         <name>.text:HOSTlseek</name>
         <load_address>0x1141a</load_address>
         <run_address>0x1141a</run_address>
         <size>0xb4</size>
         <input_file_ref idref="fl-6d"/>
      </object_component>
      <object_component id="oc-5fe">
         <name>.text:_Z21free_dead_allocationsPv</name>
         <load_address>0x114ce</load_address>
         <run_address>0x114ce</run_address>
         <size>0xa8</size>
         <input_file_ref idref="fl-50"/>
      </object_component>
      <object_component id="oc-597">
         <name>.text:_sproc_str</name>
         <load_address>0x11576</load_address>
         <run_address>0x11576</run_address>
         <size>0x9e</size>
         <input_file_ref idref="fl-53"/>
      </object_component>
      <object_component id="oc-47c">
         <name>.text:FIS_engine</name>
         <load_address>0x11614</load_address>
         <run_address>0x11614</run_address>
         <size>0x98</size>
         <input_file_ref idref="fl-2"/>
      </object_component>
      <object_component id="oc-669">
         <name>.text:__TI_buff_read</name>
         <load_address>0x116ac</load_address>
         <run_address>0x116ac</run_address>
         <size>0x92</size>
         <input_file_ref idref="fl-6f"/>
      </object_component>
      <object_component id="oc-4e1">
         <name>.text:_chkmbc</name>
         <load_address>0x1173e</load_address>
         <run_address>0x1173e</run_address>
         <size>0x92</size>
         <input_file_ref idref="fl-2c"/>
      </object_component>
      <object_component id="oc-582">
         <name>.text:fgetc</name>
         <load_address>0x117d0</load_address>
         <run_address>0x117d0</run_address>
         <size>0x90</size>
         <input_file_ref idref="fl-5a"/>
      </object_component>
      <object_component id="oc-556">
         <name>.text:fputc</name>
         <load_address>0x11860</load_address>
         <run_address>0x11860</run_address>
         <size>0x90</size>
         <input_file_ref idref="fl-5c"/>
      </object_component>
      <object_component id="oc-61f">
         <name>.text:free</name>
         <load_address>0x118f0</load_address>
         <run_address>0x118f0</run_address>
         <size>0x8e</size>
         <input_file_ref idref="fl-63"/>
      </object_component>
      <object_component id="oc-408">
         <name>.text:main</name>
         <load_address>0x1197e</load_address>
         <run_address>0x1197e</run_address>
         <size>0x8a</size>
         <input_file_ref idref="fl-2"/>
      </object_component>
      <object_component id="oc-589">
         <name>.text:ungetc</name>
         <load_address>0x11a08</load_address>
         <run_address>0x11a08</run_address>
         <size>0x88</size>
         <input_file_ref idref="fl-4f"/>
      </object_component>
      <object_component id="oc-3ee">
         <name>.text:_auto_init_hold_wdt</name>
         <load_address>0x11a90</load_address>
         <run_address>0x11a90</run_address>
         <size>0x82</size>
         <input_file_ref idref="fl-55"/>
      </object_component>
      <object_component id="oc-62f">
         <name>.text:__TI_wrt_ok</name>
         <load_address>0x11b12</load_address>
         <run_address>0x11b12</run_address>
         <size>0x7e</size>
         <input_file_ref idref="fl-70"/>
      </object_component>
      <object_component id="oc-6d">
         <name>.text:decompress:lzss:__TI_decompress_lzss</name>
         <load_address>0x11b90</load_address>
         <run_address>0x11b90</run_address>
         <size>0x78</size>
         <input_file_ref idref="fl-25"/>
      </object_component>
      <object_component id="oc-794">
         <name>.text:HOSTrename</name>
         <load_address>0x11c08</load_address>
         <run_address>0x11c08</run_address>
         <size>0x74</size>
         <input_file_ref idref="fl-6d"/>
      </object_component>
      <object_component id="oc-770">
         <name>.text:HOSTopen</name>
         <load_address>0x11c7c</load_address>
         <run_address>0x11c7c</run_address>
         <size>0x70</size>
         <input_file_ref idref="fl-6d"/>
      </object_component>
      <object_component id="oc-760">
         <name>.text:__TI_closefile</name>
         <load_address>0x11cec</load_address>
         <run_address>0x11cec</run_address>
         <size>0x70</size>
         <input_file_ref idref="fl-7a"/>
      </object_component>
      <object_component id="oc-782">
         <name>.text:HOSTwrite</name>
         <load_address>0x11d5c</load_address>
         <run_address>0x11d5c</run_address>
         <size>0x6c</size>
         <input_file_ref idref="fl-6d"/>
      </object_component>
      <object_component id="oc-77c">
         <name>.text:HOSTread</name>
         <load_address>0x11dc8</load_address>
         <run_address>0x11dc8</run_address>
         <size>0x6a</size>
         <input_file_ref idref="fl-6d"/>
      </object_component>
      <object_component id="oc-6ea">
         <name>.text:fseek</name>
         <load_address>0x11e32</load_address>
         <run_address>0x11e32</run_address>
         <size>0x6a</size>
         <input_file_ref idref="fl-76"/>
      </object_component>
      <object_component id="oc-439">
         <name>.text:copy_in</name>
         <load_address>0x11e9c</load_address>
         <run_address>0x11e9c</run_address>
         <size>0x66</size>
         <input_file_ref idref="fl-56"/>
      </object_component>
      <object_component id="oc-63b">
         <name>.text:__TI_doflush</name>
         <load_address>0x11f02</load_address>
         <run_address>0x11f02</run_address>
         <size>0x64</size>
         <input_file_ref idref="fl-74"/>
      </object_component>
      <object_component id="oc-663">
         <name>.text:__TI_rd_ok</name>
         <load_address>0x11f66</load_address>
         <run_address>0x11f66</run_address>
         <size>0x5a</size>
         <input_file_ref idref="fl-70"/>
      </object_component>
      <object_component id="oc-79c">
         <name>.text:close</name>
         <load_address>0x11fc0</load_address>
         <run_address>0x11fc0</run_address>
         <size>0x5a</size>
         <input_file_ref idref="fl-5f"/>
      </object_component>
      <object_component id="oc-7d3">
         <name>.text:getdevice</name>
         <load_address>0x1201a</load_address>
         <run_address>0x1201a</run_address>
         <size>0x5a</size>
         <input_file_ref idref="fl-5f"/>
      </object_component>
      <object_component id="oc-689">
         <name>.text</name>
         <load_address>0x12074</load_address>
         <run_address>0x12074</run_address>
         <size>0x58</size>
         <input_file_ref idref="fl-72"/>
      </object_component>
      <object_component id="oc-626">
         <name>.text:fprintf</name>
         <load_address>0x120cc</load_address>
         <run_address>0x120cc</run_address>
         <size>0x50</size>
         <input_file_ref idref="fl-5b"/>
      </object_component>
      <object_component id="oc-467">
         <name>.text:scanf</name>
         <load_address>0x1211c</load_address>
         <run_address>0x1211c</run_address>
         <size>0x50</size>
         <input_file_ref idref="fl-2c"/>
      </object_component>
      <object_component id="oc-776">
         <name>.text:HOSTclose</name>
         <load_address>0x1216c</load_address>
         <run_address>0x1216c</run_address>
         <size>0x4e</size>
         <input_file_ref idref="fl-6d"/>
      </object_component>
      <object_component id="oc-5c6">
         <name>.text:membership_good</name>
         <load_address>0x121ba</load_address>
         <run_address>0x121ba</run_address>
         <size>0x4e</size>
         <input_file_ref idref="fl-2"/>
      </object_component>
      <object_component id="oc-3fa">
         <name>.text:exit</name>
         <load_address>0x12208</load_address>
         <run_address>0x12208</run_address>
         <size>0x4a</size>
         <input_file_ref idref="fl-2a"/>
      </object_component>
      <object_component id="oc-461">
         <name>.text:printf</name>
         <load_address>0x12252</load_address>
         <run_address>0x12252</run_address>
         <size>0x4a</size>
         <input_file_ref idref="fl-4e"/>
      </object_component>
      <object_component id="oc-569">
         <name>.text:_pproc_str</name>
         <load_address>0x1229c</load_address>
         <run_address>0x1229c</run_address>
         <size>0x48</size>
         <input_file_ref idref="fl-52"/>
      </object_component>
      <object_component id="oc-78e">
         <name>.text:HOSTunlink</name>
         <load_address>0x122e4</load_address>
         <run_address>0x122e4</run_address>
         <size>0x46</size>
         <input_file_ref idref="fl-6d"/>
      </object_component>
      <object_component id="oc-6b8">
         <name>.text:minit</name>
         <load_address>0x1232a</load_address>
         <run_address>0x1232a</run_address>
         <size>0x42</size>
         <input_file_ref idref="fl-63"/>
      </object_component>
      <object_component id="oc-7bf">
         <name>.text:l_asr_const</name>
         <load_address>0x1236c</load_address>
         <run_address>0x1236c</run_address>
         <size>0x3e</size>
         <input_file_ref idref="fl-71"/>
      </object_component>
      <object_component id="oc-7c4">
         <name>.text:l_lsl_const</name>
         <load_address>0x123aa</load_address>
         <run_address>0x123aa</run_address>
         <size>0x3e</size>
         <input_file_ref idref="fl-77"/>
      </object_component>
      <object_component id="oc-73b">
         <name>.text:lseek</name>
         <load_address>0x123e8</load_address>
         <run_address>0x123e8</run_address>
         <size>0x3e</size>
         <input_file_ref idref="fl-5f"/>
      </object_component>
      <object_component id="oc-66f">
         <name>.text:read</name>
         <load_address>0x12426</load_address>
         <run_address>0x12426</run_address>
         <size>0x3c</size>
         <input_file_ref idref="fl-5f"/>
      </object_component>
      <object_component id="oc-641">
         <name>.text:write</name>
         <load_address>0x12462</load_address>
         <run_address>0x12462</run_address>
         <size>0x3c</size>
         <input_file_ref idref="fl-5f"/>
      </object_component>
      <object_component id="oc-712">
         <name>.text:__TI_cleanup</name>
         <load_address>0x1249e</load_address>
         <run_address>0x1249e</run_address>
         <size>0x36</size>
         <input_file_ref idref="fl-75"/>
      </object_component>
      <object_component id="oc-7ae">
         <name>.text:__TI_writemsg</name>
         <load_address>0x124d4</load_address>
         <run_address>0x124d4</run_address>
         <size>0x36</size>
         <input_file_ref idref="fl-6e"/>
      </object_component>
      <object_component id="oc-7b4">
         <name>.text:__TI_readmsg</name>
         <load_address>0x1250a</load_address>
         <run_address>0x1250a</run_address>
         <size>0x32</size>
         <input_file_ref idref="fl-6e"/>
      </object_component>
      <object_component id="oc-7ea">
         <name>.text:strncpy</name>
         <load_address>0x1253c</load_address>
         <run_address>0x1253c</run_address>
         <size>0x32</size>
         <input_file_ref idref="fl-6a"/>
      </object_component>
      <object_component id="oc-7a3">
         <name>.text:unlink</name>
         <load_address>0x1256e</load_address>
         <run_address>0x1256e</run_address>
         <size>0x30</size>
         <input_file_ref idref="fl-5f"/>
      </object_component>
      <object_component id="oc-7f0">
         <name>.text:finddevice</name>
         <load_address>0x1259e</load_address>
         <run_address>0x1259e</run_address>
         <size>0x2e</size>
         <input_file_ref idref="fl-5f"/>
      </object_component>
      <object_component id="oc-619">
         <name>.text</name>
         <load_address>0x125cc</load_address>
         <run_address>0x125cc</run_address>
         <size>0x2c</size>
         <input_file_ref idref="fl-28"/>
      </object_component>
      <object_component id="oc-8f">
         <name>.text:decompress:ZI:__TI_zero_init</name>
         <load_address>0x125f8</load_address>
         <run_address>0x125f8</run_address>
         <size>0x24</size>
         <input_file_ref idref="fl-27"/>
      </object_component>
      <object_component id="oc-5de">
         <name>.text:membership_delicious</name>
         <load_address>0x1261c</load_address>
         <run_address>0x1261c</run_address>
         <size>0x24</size>
         <input_file_ref idref="fl-2"/>
      </object_component>
      <object_component id="oc-684">
         <name>.text</name>
         <load_address>0x12640</load_address>
         <run_address>0x12640</run_address>
         <size>0x24</size>
         <input_file_ref idref="fl-4b"/>
      </object_component>
      <object_component id="oc-5d6">
         <name>.text:membership_rancid</name>
         <load_address>0x12664</load_address>
         <run_address>0x12664</run_address>
         <size>0x20</size>
         <input_file_ref idref="fl-2"/>
      </object_component>
      <object_component id="oc-654">
         <name>.text:memccpy</name>
         <load_address>0x12684</load_address>
         <run_address>0x12684</run_address>
         <size>0x1e</size>
         <input_file_ref idref="fl-61"/>
      </object_component>
      <object_component id="oc-698">
         <name>.text:strchr</name>
         <load_address>0x126a2</load_address>
         <run_address>0x126a2</run_address>
         <size>0x1c</size>
         <input_file_ref idref="fl-67"/>
      </object_component>
      <object_component id="oc-7ff">
         <name>.text:strcmp</name>
         <load_address>0x126be</load_address>
         <run_address>0x126be</run_address>
         <size>0x1c</size>
         <input_file_ref idref="fl-68"/>
      </object_component>
      <object_component id="oc-5ce">
         <name>.text:membership_great</name>
         <load_address>0x126da</load_address>
         <run_address>0x126da</run_address>
         <size>0x1a</size>
         <input_file_ref idref="fl-2"/>
      </object_component>
      <object_component id="oc-5be">
         <name>.text:membership_poor</name>
         <load_address>0x126f4</load_address>
         <run_address>0x126f4</run_address>
         <size>0x1a</size>
         <input_file_ref idref="fl-2"/>
      </object_component>
      <object_component id="oc-48f">
         <name>.text</name>
         <load_address>0x1270e</load_address>
         <run_address>0x1270e</run_address>
         <size>0x18</size>
         <input_file_ref idref="fl-49"/>
      </object_component>
      <object_component id="oc-46d">
         <name>.text:FIS_update_inputs</name>
         <load_address>0x12726</load_address>
         <run_address>0x12726</run_address>
         <size>0x16</size>
         <input_file_ref idref="fl-2"/>
      </object_component>
      <object_component id="oc-635">
         <name>.text:memchr</name>
         <load_address>0x1273c</load_address>
         <run_address>0x1273c</run_address>
         <size>0x16</size>
         <input_file_ref idref="fl-62"/>
      </object_component>
      <object_component id="oc-5a9">
         <name>.text:memset</name>
         <load_address>0x12752</load_address>
         <run_address>0x12752</run_address>
         <size>0x16</size>
         <input_file_ref idref="fl-64"/>
      </object_component>
      <object_component id="oc-6d5">
         <name>.text</name>
         <load_address>0x12768</load_address>
         <run_address>0x12768</run_address>
         <size>0x16</size>
         <input_file_ref idref="fl-29"/>
      </object_component>
      <object_component id="oc-3cf">
         <name>.text:memcpy</name>
         <load_address>0x1277e</load_address>
         <run_address>0x1277e</run_address>
         <size>0x14</size>
         <input_file_ref idref="fl-45"/>
      </object_component>
      <object_component id="oc-73">
         <name>.text:decompress:none:__TI_decompress_none</name>
         <load_address>0x12792</load_address>
         <run_address>0x12792</run_address>
         <size>0x12</size>
         <input_file_ref idref="fl-26"/>
      </object_component>
      <object_component id="oc-7cb">
         <name>.text:strcpy</name>
         <load_address>0x127a4</load_address>
         <run_address>0x127a4</run_address>
         <size>0x12</size>
         <input_file_ref idref="fl-79"/>
      </object_component>
      <object_component id="oc-52c">
         <name>.text:FIS_defuzzify_output</name>
         <load_address>0x127b6</load_address>
         <run_address>0x127b6</run_address>
         <size>0xe</size>
         <input_file_ref idref="fl-2"/>
      </object_component>
      <object_component id="oc-69f">
         <name>.text:isxdigit</name>
         <load_address>0x127c4</load_address>
         <run_address>0x127c4</run_address>
         <size>0xe</size>
         <input_file_ref idref="fl-5e"/>
      </object_component>
      <object_component id="oc-55d">
         <name>.text:strlen</name>
         <load_address>0x127d2</load_address>
         <run_address>0x127d2</run_address>
         <size>0xe</size>
         <input_file_ref idref="fl-69"/>
      </object_component>
      <object_component id="oc-590">
         <name>.text:isspace</name>
         <load_address>0x127e0</load_address>
         <run_address>0x127e0</run_address>
         <size>0xc</size>
         <input_file_ref idref="fl-44"/>
      </object_component>
      <object_component id="oc-51a">
         <name>.text:FIS_fuzzify_input</name>
         <load_address>0x127ec</load_address>
         <run_address>0x127ec</run_address>
         <size>0xa</size>
         <input_file_ref idref="fl-2"/>
      </object_component>
      <object_component id="oc-4db">
         <name>.text:_uninpchar</name>
         <load_address>0x127f6</load_address>
         <run_address>0x127f6</run_address>
         <size>0xa</size>
         <input_file_ref idref="fl-2c"/>
      </object_component>
      <object_component id="oc-4d5">
         <name>.text:_inpchar</name>
         <load_address>0x12800</load_address>
         <run_address>0x12800</run_address>
         <size>0x6</size>
         <input_file_ref idref="fl-2c"/>
      </object_component>
      <object_component id="oc-6e2">
         <name>.text:_outc</name>
         <load_address>0x12806</load_address>
         <run_address>0x12806</run_address>
         <size>0x6</size>
         <input_file_ref idref="fl-5b"/>
      </object_component>
      <object_component id="oc-4c7">
         <name>.text:_outc</name>
         <load_address>0x1280c</load_address>
         <run_address>0x1280c</run_address>
         <size>0x6</size>
         <input_file_ref idref="fl-4e"/>
      </object_component>
      <object_component id="oc-410">
         <name>.text:abort</name>
         <load_address>0x12812</load_address>
         <run_address>0x12812</run_address>
         <size>0x6</size>
         <input_file_ref idref="fl-2a"/>
      </object_component>
      <object_component id="oc-5ee">
         <name>.text:__abort_execution</name>
         <load_address>0x12818</load_address>
         <run_address>0x12818</run_address>
         <size>0x4</size>
         <input_file_ref idref="fl-59"/>
      </object_component>
      <object_component id="oc-6dc">
         <name>.text:_outs</name>
         <load_address>0x1281c</load_address>
         <run_address>0x1281c</run_address>
         <size>0x4</size>
         <input_file_ref idref="fl-5b"/>
      </object_component>
      <object_component id="oc-4c1">
         <name>.text:_outs</name>
         <load_address>0x12820</load_address>
         <run_address>0x12820</run_address>
         <size>0x4</size>
         <input_file_ref idref="fl-4e"/>
      </object_component>
      <object_component id="oc-3e8">
         <name>.text:_system_pre_init</name>
         <load_address>0x12824</load_address>
         <run_address>0x12824</run_address>
         <size>0x4</size>
         <input_file_ref idref="fl-4d"/>
      </object_component>
      <object_component id="oc-4ac">
         <name>.text:_nop</name>
         <load_address>0x12828</load_address>
         <run_address>0x12828</run_address>
         <size>0x2</size>
         <input_file_ref idref="fl-51"/>
      </object_component>
      <object_component id="oc-43f">
         <name>.text:_system_post_cinit</name>
         <load_address>0x1282a</load_address>
         <run_address>0x1282a</run_address>
         <size>0x2</size>
         <input_file_ref idref="fl-66"/>
      </object_component>
      <object_component id="oc-a1">
         <name>.text:_isr:_c_int00_noargs</name>
         <load_address>0x4400</load_address>
         <run_address>0x4400</run_address>
         <size>0x1c</size>
         <input_file_ref idref="fl-24"/>
      </object_component>
      <object_component id="oc-3dc">
         <name>.text:_isr:__TI_ISR_TRAP</name>
         <load_address>0x441c</load_address>
         <run_address>0x441c</run_address>
         <size>0x8</size>
         <input_file_ref idref="fl-43"/>
      </object_component>
      <object_component id="oc-876">
         <name>.cinit..data.load</name>
         <load_address>0x45c8</load_address>
         <run_address>0x45c8</run_address>
         <size>0xae</size>
      </object_component>
      <object_component id="oc-873">
         <name>__TI_handler_table</name>
         <load_address>0x4676</load_address>
         <run_address>0x4676</run_address>
         <size>0xc</size>
      </object_component>
      <object_component id="oc-875">
         <name>.cinit..bss.load</name>
         <load_address>0x4682</load_address>
         <run_address>0x4682</run_address>
         <size>0x6</size>
      </object_component>
      <object_component id="oc-874">
         <name>__TI_cinit_table</name>
         <load_address>0x4688</load_address>
         <run_address>0x4688</run_address>
         <size>0x10</size>
      </object_component>
      <object_component id="oc-67f">
         <name>.const:.string:_ctypes_</name>
         <load_address>0x4424</load_address>
         <run_address>0x4424</run_address>
         <size>0x101</size>
         <input_file_ref idref="fl-57"/>
      </object_component>
      <object_component id="oc-460">
         <name>.const:.string</name>
         <load_address>0x4526</load_address>
         <run_address>0x4526</run_address>
         <size>0x4a</size>
         <input_file_ref idref="fl-2"/>
      </object_component>
      <object_component id="oc-625">
         <name>.const:.string</name>
         <load_address>0x4570</load_address>
         <run_address>0x4570</run_address>
         <size>0x36</size>
         <input_file_ref idref="fl-50"/>
      </object_component>
      <object_component id="oc-64d">
         <name>.const:.string</name>
         <load_address>0x45a6</load_address>
         <run_address>0x45a6</run_address>
         <size>0x14</size>
         <input_file_ref idref="fl-52"/>
      </object_component>
      <object_component id="oc-697">
         <name>.const:.string:flit$1</name>
         <load_address>0x45ba</load_address>
         <run_address>0x45ba</run_address>
         <size>0x7</size>
         <input_file_ref idref="fl-53"/>
      </object_component>
      <object_component id="oc-69e">
         <name>.const:.string:barr$2</name>
         <load_address>0x45c2</load_address>
         <run_address>0x45c2</run_address>
         <size>0x6</size>
         <input_file_ref idref="fl-53"/>
      </object_component>
      <object_component id="oc-7de">
         <name>.cio</name>
         <uninitialized>true</uninitialized>
         <run_address>0x2632</run_address>
         <size>0x120</size>
         <input_file_ref idref="fl-6e"/>
      </object_component>
      <object_component id="oc-80d">
         <name>.binit</name>
         <load_address>0x4400</load_address>
         <run_address>0x4400</run_address>
         <size>0x0</size>
      </object_component>
      <object_component id="oc-79">
         <name>.int41</name>
         <load_address>0xffd2</load_address>
         <run_address>0xffd2</run_address>
         <size>0x2</size>
         <input_file_ref idref="fl-2d"/>
      </object_component>
      <object_component id="oc-7a">
         <name>.int42</name>
         <load_address>0xffd4</load_address>
         <run_address>0xffd4</run_address>
         <size>0x2</size>
         <input_file_ref idref="fl-2e"/>
      </object_component>
      <object_component id="oc-7b">
         <name>.int43</name>
         <load_address>0xffd6</load_address>
         <run_address>0xffd6</run_address>
         <size>0x2</size>
         <input_file_ref idref="fl-2f"/>
      </object_component>
      <object_component id="oc-7c">
         <name>.int44</name>
         <load_address>0xffd8</load_address>
         <run_address>0xffd8</run_address>
         <size>0x2</size>
         <input_file_ref idref="fl-30"/>
      </object_component>
      <object_component id="oc-7d">
         <name>.int45</name>
         <load_address>0xffda</load_address>
         <run_address>0xffda</run_address>
         <size>0x2</size>
         <input_file_ref idref="fl-31"/>
      </object_component>
      <object_component id="oc-7e">
         <name>.int46</name>
         <load_address>0xffdc</load_address>
         <run_address>0xffdc</run_address>
         <size>0x2</size>
         <input_file_ref idref="fl-32"/>
      </object_component>
      <object_component id="oc-7f">
         <name>.int47</name>
         <load_address>0xffde</load_address>
         <run_address>0xffde</run_address>
         <size>0x2</size>
         <input_file_ref idref="fl-33"/>
      </object_component>
      <object_component id="oc-80">
         <name>.int48</name>
         <load_address>0xffe0</load_address>
         <run_address>0xffe0</run_address>
         <size>0x2</size>
         <input_file_ref idref="fl-34"/>
      </object_component>
      <object_component id="oc-81">
         <name>.int49</name>
         <load_address>0xffe2</load_address>
         <run_address>0xffe2</run_address>
         <size>0x2</size>
         <input_file_ref idref="fl-35"/>
      </object_component>
      <object_component id="oc-82">
         <name>.int50</name>
         <load_address>0xffe4</load_address>
         <run_address>0xffe4</run_address>
         <size>0x2</size>
         <input_file_ref idref="fl-36"/>
      </object_component>
      <object_component id="oc-83">
         <name>.int51</name>
         <load_address>0xffe6</load_address>
         <run_address>0xffe6</run_address>
         <size>0x2</size>
         <input_file_ref idref="fl-37"/>
      </object_component>
      <object_component id="oc-84">
         <name>.int52</name>
         <load_address>0xffe8</load_address>
         <run_address>0xffe8</run_address>
         <size>0x2</size>
         <input_file_ref idref="fl-38"/>
      </object_component>
      <object_component id="oc-85">
         <name>.int53</name>
         <load_address>0xffea</load_address>
         <run_address>0xffea</run_address>
         <size>0x2</size>
         <input_file_ref idref="fl-39"/>
      </object_component>
      <object_component id="oc-86">
         <name>.int54</name>
         <load_address>0xffec</load_address>
         <run_address>0xffec</run_address>
         <size>0x2</size>
         <input_file_ref idref="fl-3a"/>
      </object_component>
      <object_component id="oc-87">
         <name>.int55</name>
         <load_address>0xffee</load_address>
         <run_address>0xffee</run_address>
         <size>0x2</size>
         <input_file_ref idref="fl-3b"/>
      </object_component>
      <object_component id="oc-88">
         <name>.int56</name>
         <load_address>0xfff0</load_address>
         <run_address>0xfff0</run_address>
         <size>0x2</size>
         <input_file_ref idref="fl-3c"/>
      </object_component>
      <object_component id="oc-89">
         <name>.int57</name>
         <load_address>0xfff2</load_address>
         <run_address>0xfff2</run_address>
         <size>0x2</size>
         <input_file_ref idref="fl-3d"/>
      </object_component>
      <object_component id="oc-8a">
         <name>.int58</name>
         <load_address>0xfff4</load_address>
         <run_address>0xfff4</run_address>
         <size>0x2</size>
         <input_file_ref idref="fl-3e"/>
      </object_component>
      <object_component id="oc-8b">
         <name>.int59</name>
         <load_address>0xfff6</load_address>
         <run_address>0xfff6</run_address>
         <size>0x2</size>
         <input_file_ref idref="fl-3f"/>
      </object_component>
      <object_component id="oc-8c">
         <name>.int60</name>
         <load_address>0xfff8</load_address>
         <run_address>0xfff8</run_address>
         <size>0x2</size>
         <input_file_ref idref="fl-40"/>
      </object_component>
      <object_component id="oc-8d">
         <name>.int61</name>
         <load_address>0xfffa</load_address>
         <run_address>0xfffa</run_address>
         <size>0x2</size>
         <input_file_ref idref="fl-41"/>
      </object_component>
      <object_component id="oc-8e">
         <name>.int62</name>
         <load_address>0xfffc</load_address>
         <run_address>0xfffc</run_address>
         <size>0x2</size>
         <input_file_ref idref="fl-42"/>
      </object_component>
      <object_component id="oc-3c0">
         <name>.reset</name>
         <load_address>0xfffe</load_address>
         <run_address>0xfffe</run_address>
         <size>0x2</size>
         <input_file_ref idref="fl-23"/>
      </object_component>
      <object_component id="oc-501">
         <name>.debug_info</name>
         <load_address>0x0</load_address>
         <run_address>0x0</run_address>
         <size>0x268</size>
         <input_file_ref idref="fl-2"/>
      </object_component>
      <object_component id="oc-4f0">
         <name>.debug_info</name>
         <load_address>0x268</load_address>
         <run_address>0x268</run_address>
         <size>0xf2</size>
         <input_file_ref idref="fl-2"/>
      </object_component>
      <object_component id="oc-4f3">
         <name>.debug_info</name>
         <load_address>0x35a</load_address>
         <run_address>0x35a</run_address>
         <size>0xf2</size>
         <input_file_ref idref="fl-2"/>
      </object_component>
      <object_component id="oc-4f6">
         <name>.debug_info</name>
         <load_address>0x44c</load_address>
         <run_address>0x44c</run_address>
         <size>0xf4</size>
         <input_file_ref idref="fl-2"/>
      </object_component>
      <object_component id="oc-4f9">
         <name>.debug_info</name>
         <load_address>0x540</load_address>
         <run_address>0x540</run_address>
         <size>0xf0</size>
         <input_file_ref idref="fl-2"/>
      </object_component>
      <object_component id="oc-4fc">
         <name>.debug_info</name>
         <load_address>0x630</load_address>
         <run_address>0x630</run_address>
         <size>0xf6</size>
         <input_file_ref idref="fl-2"/>
      </object_component>
      <object_component id="oc-474">
         <name>.debug_info</name>
         <load_address>0x726</load_address>
         <run_address>0x726</run_address>
         <size>0xe4</size>
         <input_file_ref idref="fl-2"/>
      </object_component>
      <object_component id="oc-503">
         <name>.debug_info</name>
         <load_address>0x80a</load_address>
         <run_address>0x80a</run_address>
         <size>0xe6</size>
         <input_file_ref idref="fl-2"/>
      </object_component>
      <object_component id="oc-506">
         <name>.debug_info</name>
         <load_address>0x8f0</load_address>
         <run_address>0x8f0</run_address>
         <size>0xe6</size>
         <input_file_ref idref="fl-2"/>
      </object_component>
      <object_component id="oc-509">
         <name>.debug_info</name>
         <load_address>0x9d6</load_address>
         <run_address>0x9d6</run_address>
         <size>0xe6</size>
         <input_file_ref idref="fl-2"/>
      </object_component>
      <object_component id="oc-477">
         <name>.debug_info</name>
         <load_address>0xabc</load_address>
         <run_address>0xabc</run_address>
         <size>0xe6</size>
         <input_file_ref idref="fl-2"/>
      </object_component>
      <object_component id="oc-47a">
         <name>.debug_info</name>
         <load_address>0xba2</load_address>
         <run_address>0xba2</run_address>
         <size>0xe2</size>
         <input_file_ref idref="fl-2"/>
      </object_component>
      <object_component id="oc-51b">
         <name>.debug_info</name>
         <load_address>0xc84</load_address>
         <run_address>0xc84</run_address>
         <size>0x155</size>
         <input_file_ref idref="fl-2"/>
      </object_component>
      <object_component id="oc-522">
         <name>.debug_info</name>
         <load_address>0xdd9</load_address>
         <run_address>0xdd9</run_address>
         <size>0x211</size>
         <input_file_ref idref="fl-2"/>
      </object_component>
      <object_component id="oc-527">
         <name>.debug_info</name>
         <load_address>0xfea</load_address>
         <run_address>0xfea</run_address>
         <size>0x25e</size>
         <input_file_ref idref="fl-2"/>
      </object_component>
      <object_component id="oc-52d">
         <name>.debug_info</name>
         <load_address>0x1248</load_address>
         <run_address>0x1248</run_address>
         <size>0x196</size>
         <input_file_ref idref="fl-2"/>
      </object_component>
      <object_component id="oc-47d">
         <name>.debug_info</name>
         <load_address>0x13de</load_address>
         <run_address>0x13de</run_address>
         <size>0x287</size>
         <input_file_ref idref="fl-2"/>
      </object_component>
      <object_component id="oc-5bf">
         <name>.debug_info</name>
         <load_address>0x1665</load_address>
         <run_address>0x1665</run_address>
         <size>0x14e</size>
         <input_file_ref idref="fl-2"/>
      </object_component>
      <object_component id="oc-5c7">
         <name>.debug_info</name>
         <load_address>0x17b3</load_address>
         <run_address>0x17b3</run_address>
         <size>0x19e</size>
         <input_file_ref idref="fl-2"/>
      </object_component>
      <object_component id="oc-5cf">
         <name>.debug_info</name>
         <load_address>0x1951</load_address>
         <run_address>0x1951</run_address>
         <size>0x150</size>
         <input_file_ref idref="fl-2"/>
      </object_component>
      <object_component id="oc-5d7">
         <name>.debug_info</name>
         <load_address>0x1aa1</load_address>
         <run_address>0x1aa1</run_address>
         <size>0x152</size>
         <input_file_ref idref="fl-2"/>
      </object_component>
      <object_component id="oc-5df">
         <name>.debug_info</name>
         <load_address>0x1bf3</load_address>
         <run_address>0x1bf3</run_address>
         <size>0x16c</size>
         <input_file_ref idref="fl-2"/>
      </object_component>
      <object_component id="oc-46e">
         <name>.debug_info</name>
         <load_address>0x1d5f</load_address>
         <run_address>0x1d5f</run_address>
         <size>0x17c</size>
         <input_file_ref idref="fl-2"/>
      </object_component>
      <object_component id="oc-409">
         <name>.debug_info</name>
         <load_address>0x1edb</load_address>
         <run_address>0x1edb</run_address>
         <size>0x1c2</size>
         <input_file_ref idref="fl-2"/>
      </object_component>
      <object_component id="oc-50f">
         <name>.debug_info</name>
         <load_address>0x209d</load_address>
         <run_address>0x209d</run_address>
         <size>0x110</size>
         <input_file_ref idref="fl-2"/>
      </object_component>
      <object_component id="oc-3ca">
         <name>.debug_info</name>
         <load_address>0x21ad</load_address>
         <run_address>0x21ad</run_address>
         <size>0x84</size>
         <input_file_ref idref="fl-2"/>
      </object_component>
      <object_component id="oc-571">
         <name>.debug_info</name>
         <load_address>0x2231</load_address>
         <run_address>0x2231</run_address>
         <size>0x2c</size>
         <input_file_ref idref="fl-2"/>
      </object_component>
      <object_component id="oc-3be">
         <name>.debug_info</name>
         <load_address>0x225d</load_address>
         <run_address>0x225d</run_address>
         <size>0xf5</size>
         <input_file_ref idref="fl-23"/>
      </object_component>
      <object_component id="oc-a2">
         <name>.debug_info</name>
         <load_address>0x2352</load_address>
         <run_address>0x2352</run_address>
         <size>0x187</size>
         <input_file_ref idref="fl-24"/>
      </object_component>
      <object_component id="oc-426">
         <name>.debug_info</name>
         <load_address>0x24d9</load_address>
         <run_address>0x24d9</run_address>
         <size>0x170</size>
         <input_file_ref idref="fl-25"/>
      </object_component>
      <object_component id="oc-6e">
         <name>.debug_info</name>
         <load_address>0x2649</load_address>
         <run_address>0x2649</run_address>
         <size>0x245</size>
         <input_file_ref idref="fl-25"/>
      </object_component>
      <object_component id="oc-3c5">
         <name>.debug_info</name>
         <load_address>0x288e</load_address>
         <run_address>0x288e</run_address>
         <size>0x60</size>
         <input_file_ref idref="fl-25"/>
      </object_component>
      <object_component id="oc-421">
         <name>.debug_info</name>
         <load_address>0x28ee</load_address>
         <run_address>0x28ee</run_address>
         <size>0x46</size>
         <input_file_ref idref="fl-25"/>
      </object_component>
      <object_component id="oc-3db">
         <name>.debug_info</name>
         <load_address>0x2934</load_address>
         <run_address>0x2934</run_address>
         <size>0x1c6</size>
         <input_file_ref idref="fl-26"/>
      </object_component>
      <object_component id="oc-75">
         <name>.debug_info</name>
         <load_address>0x2afa</load_address>
         <run_address>0x2afa</run_address>
         <size>0x1c8</size>
         <input_file_ref idref="fl-26"/>
      </object_component>
      <object_component id="oc-3d6">
         <name>.debug_info</name>
         <load_address>0x2cc2</load_address>
         <run_address>0x2cc2</run_address>
         <size>0x46</size>
         <input_file_ref idref="fl-26"/>
      </object_component>
      <object_component id="oc-430">
         <name>.debug_info</name>
         <load_address>0x2d08</load_address>
         <run_address>0x2d08</run_address>
         <size>0x2c</size>
         <input_file_ref idref="fl-26"/>
      </object_component>
      <object_component id="oc-3e7">
         <name>.debug_info</name>
         <load_address>0x2d34</load_address>
         <run_address>0x2d34</run_address>
         <size>0x174</size>
         <input_file_ref idref="fl-27"/>
      </object_component>
      <object_component id="oc-90">
         <name>.debug_info</name>
         <load_address>0x2ea8</load_address>
         <run_address>0x2ea8</run_address>
         <size>0x1ba</size>
         <input_file_ref idref="fl-27"/>
      </object_component>
      <object_component id="oc-3e2">
         <name>.debug_info</name>
         <load_address>0x3062</load_address>
         <run_address>0x3062</run_address>
         <size>0x46</size>
         <input_file_ref idref="fl-27"/>
      </object_component>
      <object_component id="oc-61b">
         <name>.debug_info</name>
         <load_address>0x30a8</load_address>
         <run_address>0x30a8</run_address>
         <size>0x12d</size>
         <input_file_ref idref="fl-28"/>
      </object_component>
      <object_component id="oc-6d6">
         <name>.debug_info</name>
         <load_address>0x31d5</load_address>
         <run_address>0x31d5</run_address>
         <size>0x119</size>
         <input_file_ref idref="fl-29"/>
      </object_component>
      <object_component id="oc-45e">
         <name>.debug_info</name>
         <load_address>0x32ee</load_address>
         <run_address>0x32ee</run_address>
         <size>0x259</size>
         <input_file_ref idref="fl-2a"/>
      </object_component>
      <object_component id="oc-44f">
         <name>.debug_info</name>
         <load_address>0x3547</load_address>
         <run_address>0x3547</run_address>
         <size>0x127</size>
         <input_file_ref idref="fl-2a"/>
      </object_component>
      <object_component id="oc-414">
         <name>.debug_info</name>
         <load_address>0x366e</load_address>
         <run_address>0x366e</run_address>
         <size>0x117</size>
         <input_file_ref idref="fl-2a"/>
      </object_component>
      <object_component id="oc-3fe">
         <name>.debug_info</name>
         <load_address>0x3785</load_address>
         <run_address>0x3785</run_address>
         <size>0x18c</size>
         <input_file_ref idref="fl-2a"/>
      </object_component>
      <object_component id="oc-4b7">
         <name>.debug_info</name>
         <load_address>0x3911</load_address>
         <run_address>0x3911</run_address>
         <size>0xf8</size>
         <input_file_ref idref="fl-2b"/>
      </object_component>
      <object_component id="oc-458">
         <name>.debug_info</name>
         <load_address>0x3a09</load_address>
         <run_address>0x3a09</run_address>
         <size>0x10f</size>
         <input_file_ref idref="fl-2b"/>
      </object_component>
      <object_component id="oc-455">
         <name>.debug_info</name>
         <load_address>0x3b18</load_address>
         <run_address>0x3b18</run_address>
         <size>0x10b</size>
         <input_file_ref idref="fl-2b"/>
      </object_component>
      <object_component id="oc-4ee">
         <name>.debug_info</name>
         <load_address>0x3c23</load_address>
         <run_address>0x3c23</run_address>
         <size>0x329</size>
         <input_file_ref idref="fl-2c"/>
      </object_component>
      <object_component id="oc-4e2">
         <name>.debug_info</name>
         <load_address>0x3f4c</load_address>
         <run_address>0x3f4c</run_address>
         <size>0x22d</size>
         <input_file_ref idref="fl-2c"/>
      </object_component>
      <object_component id="oc-4d6">
         <name>.debug_info</name>
         <load_address>0x4179</load_address>
         <run_address>0x4179</run_address>
         <size>0x156</size>
         <input_file_ref idref="fl-2c"/>
      </object_component>
      <object_component id="oc-4dc">
         <name>.debug_info</name>
         <load_address>0x42cf</load_address>
         <run_address>0x42cf</run_address>
         <size>0x185</size>
         <input_file_ref idref="fl-2c"/>
      </object_component>
      <object_component id="oc-469">
         <name>.debug_info</name>
         <load_address>0x4454</load_address>
         <run_address>0x4454</run_address>
         <size>0x174</size>
         <input_file_ref idref="fl-2c"/>
      </object_component>
      <object_component id="oc-57d">
         <name>.debug_info</name>
         <load_address>0x45c8</load_address>
         <run_address>0x45c8</run_address>
         <size>0xae</size>
         <input_file_ref idref="fl-2c"/>
      </object_component>
      <object_component id="oc-3de">
         <name>.debug_info</name>
         <load_address>0x4676</load_address>
         <run_address>0x4676</run_address>
         <size>0x107</size>
         <input_file_ref idref="fl-43"/>
      </object_component>
      <object_component id="oc-594">
         <name>.debug_info</name>
         <load_address>0x477d</load_address>
         <run_address>0x477d</run_address>
         <size>0x13e</size>
         <input_file_ref idref="fl-44"/>
      </object_component>
      <object_component id="oc-428">
         <name>.debug_info</name>
         <load_address>0x48bb</load_address>
         <run_address>0x48bb</run_address>
         <size>0x17c</size>
         <input_file_ref idref="fl-45"/>
      </object_component>
      <object_component id="oc-3d3">
         <name>.debug_info</name>
         <load_address>0x4a37</load_address>
         <run_address>0x4a37</run_address>
         <size>0x191</size>
         <input_file_ref idref="fl-45"/>
      </object_component>
      <object_component id="oc-429">
         <name>.debug_info</name>
         <load_address>0x4bc8</load_address>
         <run_address>0x4bc8</run_address>
         <size>0x2c</size>
         <input_file_ref idref="fl-45"/>
      </object_component>
      <object_component id="oc-490">
         <name>.debug_info</name>
         <load_address>0x4bf4</load_address>
         <run_address>0x4bf4</run_address>
         <size>0x128</size>
         <input_file_ref idref="fl-49"/>
      </object_component>
      <object_component id="oc-687">
         <name>.debug_info</name>
         <load_address>0x4d1c</load_address>
         <run_address>0x4d1c</run_address>
         <size>0x128</size>
         <input_file_ref idref="fl-4b"/>
      </object_component>
      <object_component id="oc-3e9">
         <name>.debug_info</name>
         <load_address>0x4e44</load_address>
         <run_address>0x4e44</run_address>
         <size>0x148</size>
         <input_file_ref idref="fl-4d"/>
      </object_component>
      <object_component id="oc-4d4">
         <name>.debug_info</name>
         <load_address>0x4f8c</load_address>
         <run_address>0x4f8c</run_address>
         <size>0x2a1</size>
         <input_file_ref idref="fl-4e"/>
      </object_component>
      <object_component id="oc-4c8">
         <name>.debug_info</name>
         <load_address>0x522d</load_address>
         <run_address>0x522d</run_address>
         <size>0x157</size>
         <input_file_ref idref="fl-4e"/>
      </object_component>
      <object_component id="oc-4c2">
         <name>.debug_info</name>
         <load_address>0x5384</load_address>
         <run_address>0x5384</run_address>
         <size>0x15b</size>
         <input_file_ref idref="fl-4e"/>
      </object_component>
      <object_component id="oc-462">
         <name>.debug_info</name>
[...]
      </symbol>
      <symbol id="sm-51c">
         <name>__TI_int41</name>
         <value>0xffd2</value>
         <object_component_ref idref="oc-79"/>
      </symbol>
      <symbol id="sm-51f">
         <name>__TI_int42</name>
         <value>0xffd4</value>
         <object_component_ref idref="oc-7a"/>
      </symbol>
      <symbol id="sm-522">
         <name>__TI_int43</name>
         <value>0xffd6</value>
         <object_component_ref idref="oc-7b"/>
      </symbol>
      <symbol id="sm-525">
         <name>__TI_int44</name>
         <value>0xffd8</value>
         <object_component_ref idref="oc-7c"/>
      </symbol>
      <symbol id="sm-528">
         <name>__TI_int45</name>
         <value>0xffda</value>
         <object_component_ref idref="oc-7d"/>
      </symbol>
      <symbol id="sm-52b">
         <name>__TI_int46</name>
         <value>0xffdc</value>
         <object_component_ref idref="oc-7e"/>
      </symbol>
      <symbol id="sm-52e">
         <name>__TI_int47</name>
         <value>0xffde</value>
         <object_component_ref idref="oc-7f"/>
      </symbol>
      <symbol id="sm-531">
         <name>__TI_int48</name>
         <value>0xffe0</value>
         <object_component_ref idref="oc-80"/>
      </symbol>
      <symbol id="sm-534">
         <name>__TI_int49</name>
         <value>0xffe2</value>
         <object_component_ref idref="oc-81"/>
      </symbol>
      <symbol id="sm-537">
         <name>__TI_int50</name>
         <value>0xffe4</value>
         <object_component_ref idref="oc-82"/>
      </symbol>
      <symbol id="sm-53a">
         <name>__TI_int51</name>
         <value>0xffe6</value>
         <object_component_ref idref="oc-83"/>
      </symbol>
      <symbol id="sm-53d">
         <name>__TI_int52</name>
         <value>0xffe8</value>
         <object_component_ref idref="oc-84"/>
      </symbol>
      <symbol id="sm-540">
         <name>__TI_int53</name>
         <value>0xffea</value>
         <object_component_ref idref="oc-85"/>
      </symbol>
      <symbol id="sm-543">
         <name>__TI_int54</name>
         <value>0xffec</value>
         <object_component_ref idref="oc-86"/>
      </symbol>
      <symbol id="sm-546">
         <name>__TI_int55</name>
         <value>0xffee</value>
         <object_component_ref idref="oc-87"/>
      </symbol>
      <symbol id="sm-549">
         <name>__TI_int56</name>
         <value>0xfff0</value>
         <object_component_ref idref="oc-88"/>
      </symbol>
      <symbol id="sm-54c">
         <name>__TI_int57</name>
         <value>0xfff2</value>
         <object_component_ref idref="oc-89"/>
      </symbol>
      <symbol id="sm-54f">
         <name>__TI_int58</name>
         <value>0xfff4</value>
         <object_component_ref idref="oc-8a"/>
      </symbol>
      <symbol id="sm-552">
         <name>__TI_int59</name>
         <value>0xfff6</value>
         <object_component_ref idref="oc-8b"/>
      </symbol>
      <symbol id="sm-555">
         <name>__TI_int60</name>
         <value>0xfff8</value>
         <object_component_ref idref="oc-8c"/>
      </symbol>
      <symbol id="sm-558">
         <name>__TI_int61</name>
         <value>0xfffa</value>
         <object_component_ref idref="oc-8d"/>
      </symbol>
      <symbol id="sm-55b">
         <name>__TI_int62</name>
         <value>0xfffc</value>
         <object_component_ref idref="oc-8e"/>
      </symbol>
      <symbol id="sm-563">
         <name>__TI_ISR_TRAP</name>
         <value>0x441c</value>
         <object_component_ref idref="oc-3dc"/>
      </symbol>
      <symbol id="sm-56c">
         <name>isspace</name>
         <value>0x127e0</value>
         <object_component_ref idref="oc-590"/>
      </symbol>
      <symbol id="sm-57f">
         <name>memcpy</name>
         <value>0x1277e</value>
         <object_component_ref idref="oc-3cf"/>
      </symbol>
      <symbol id="sm-58a">
         <name>__mspabi_mpyi_f5hw</name>
         <value>0x1270e</value>
         <object_component_ref idref="oc-48f"/>
      </symbol>
      <symbol id="sm-593">
         <name>__mspabi_mpyl_f5hw</name>
         <value>0x12640</value>
         <object_component_ref idref="oc-684"/>
      </symbol>
      <symbol id="sm-59d">
         <name>_system_pre_init</name>
         <value>0x12824</value>
         <object_component_ref idref="oc-3e8"/>
      </symbol>
      <symbol id="sm-5bb">
         <name>printf</name>
         <value>0x12252</value>
         <object_component_ref idref="oc-461"/>
      </symbol>
      <symbol id="sm-5d2">
         <name>ungetc</name>
         <value>0x11a08</value>
         <object_component_ref idref="oc-589"/>
      </symbol>
      <symbol id="sm-63d">
         <name>__vla_dealloc</name>
         <value>0x11298</value>
         <object_component_ref idref="oc-532"/>
      </symbol>
      <symbol id="sm-63e">
         <name>__vla_alloc</name>
         <value>0x104ce</value>
         <object_component_ref idref="oc-514"/>
      </symbol>
      <symbol id="sm-654">
         <name>_nop</name>
         <value>0x12828</value>
         <object_component_ref idref="oc-4ac"/>
      </symbol>
      <symbol id="sm-655">
         <name>_lock</name>
         <value>0x2622</value>
         <object_component_ref idref="oc-451"/>
      </symbol>
      <symbol id="sm-656">
         <name>_unlock</name>
         <value>0x2626</value>
         <object_component_ref idref="oc-45a"/>
      </symbol>
      <symbol id="sm-6ad">
         <name>__TI_printfi_minimal</name>
         <value>0x111c6</value>
         <object_component_ref idref="oc-4cd"/>
      </symbol>
      <symbol id="sm-710">
         <name>__TI_scanfi_minimal</name>
         <value>0x10000</value>
         <object_component_ref idref="oc-4e7"/>
      </symbol>
      <symbol id="sm-733">
         <name>_auto_init_hold_wdt</name>
         <value>0x11a90</value>
         <object_component_ref idref="oc-3ee"/>
      </symbol>
      <symbol id="sm-749">
         <name>copy_in</name>
         <value>0x11e9c</value>
         <object_component_ref idref="oc-439"/>
      </symbol>
      <symbol id="sm-753">
         <name>_ctypes_</name>
         <value>0x4424</value>
         <object_component_ref idref="oc-67f"/>
      </symbol>
      <symbol id="sm-763">
         <name>__TI_tmpnams</name>
         <value>0x2752</value>
      </symbol>
      <symbol id="sm-764">
         <name>_ftable</name>
         <value>0x2400</value>
         <object_component_ref idref="oc-4be"/>
      </symbol>
      <symbol id="sm-765">
         <name>__TI_ft_end</name>
         <value>0x262a</value>
         <object_component_ref idref="oc-70a"/>
      </symbol>
      <symbol id="sm-76e">
         <name>__abort_execution</name>
         <value>0x12818</value>
         <object_component_ref idref="oc-5ee"/>
      </symbol>
      <symbol id="sm-781">
         <name>getc</name>
         <value>0x117d0</value>
         <object_component_ref idref="oc-582"/>
      </symbol>
      <symbol id="sm-782">
         <name>fgetc</name>
         <value>0x117d0</value>
         <object_component_ref idref="oc-582"/>
      </symbol>
      <symbol id="sm-7a0">
         <name>fprintf</name>
         <value>0x120cc</value>
         <object_component_ref idref="oc-626"/>
      </symbol>
      <symbol id="sm-7b3">
         <name>putc</name>
         <value>0x11860</value>
         <object_component_ref idref="oc-556"/>
      </symbol>
      <symbol id="sm-7b4">
         <name>fputc</name>
         <value>0x11860</value>
         <object_component_ref idref="oc-556"/>
      </symbol>
      <symbol id="sm-7cc">
         <name>fputs</name>
         <value>0x10f1a</value>
         <object_component_ref idref="oc-54f"/>
      </symbol>
      <symbol id="sm-7d5">
         <name>isxdigit</name>
         <value>0x127c4</value>
         <object_component_ref idref="oc-69f"/>
      </symbol>
      <symbol id="sm-836">
         <name>lseek</name>
         <value>0x123e8</value>
         <object_component_ref idref="oc-73b"/>
      </symbol>
      <symbol id="sm-837">
         <name>read</name>
         <value>0x12426</value>
         <object_component_ref idref="oc-66f"/>
      </symbol>
      <symbol id="sm-838">
         <name>write</name>
         <value>0x12462</value>
         <object_component_ref idref="oc-641"/>
      </symbol>
      <symbol id="sm-839">
         <name>close</name>
         <value>0x11fc0</value>
         <object_component_ref idref="oc-79c"/>
      </symbol>
      <symbol id="sm-83a">
         <name>unlink</name>
         <value>0x1256e</value>
         <object_component_ref idref="oc-7a3"/>
      </symbol>
      <symbol id="sm-84a">
         <name>memccpy</name>
         <value>0x12684</value>
         <object_component_ref idref="oc-654"/>
      </symbol>
      <symbol id="sm-859">
         <name>memchr</name>
         <value>0x1273c</value>
         <object_component_ref idref="oc-635"/>
      </symbol>
      <symbol id="sm-8c3">
         <name>_sys_memory</name>
         <value>0x281c</value>
         <object_component_ref idref="oc-3c1"/>
      </symbol>
      <symbol id="sm-8c4">
         <name>free</name>
         <value>0x118f0</value>
         <object_component_ref idref="oc-61f"/>
      </symbol>
      <symbol id="sm-8c5">
         <name>realloc</name>
         <value>0x10a7c</value>
         <object_component_ref idref="oc-604"/>
      </symbol>
      <symbol id="sm-8c6">
         <name>malloc</name>
         <value>0x1135e</value>
         <object_component_ref idref="oc-5f8"/>
      </symbol>
      <symbol id="sm-8c7">
         <name>minit</name>
         <value>0x1232a</value>
         <object_component_ref idref="oc-6b8"/>
      </symbol>
      <symbol id="sm-8d5">
         <name>memset</name>
         <value>0x12752</value>
         <object_component_ref idref="oc-5a9"/>
      </symbol>
      <symbol id="sm-8ed">
         <name>setvbuf</name>
         <value>0x1100a</value>
         <object_component_ref idref="oc-677"/>
      </symbol>
      <symbol id="sm-8f6">
         <name>_system_post_cinit</name>
         <value>0x1282a</value>
         <object_component_ref idref="oc-43f"/>
      </symbol>
      <symbol id="sm-905">
         <name>strchr</name>
         <value>0x126a2</value>
         <object_component_ref idref="oc-698"/>
      </symbol>
      <symbol id="sm-913">
         <name>strcmp</name>
         <value>0x126be</value>
         <object_component_ref idref="oc-7ff"/>
      </symbol>
      <symbol id="sm-920">
         <name>strlen</name>
         <value>0x127d2</value>
         <object_component_ref idref="oc-55d"/>
      </symbol>
      <symbol id="sm-930">
         <name>strncpy</name>
         <value>0x1253c</value>
         <object_component_ref idref="oc-7ea"/>
      </symbol>
      <symbol id="sm-958">
         <name>strtol</name>
         <value>0x10292</value>
         <object_component_ref idref="oc-5a3"/>
      </symbol>
      <symbol id="sm-97d">
         <name>strtoul</name>
         <value>0x108b0</value>
         <object_component_ref idref="oc-59d"/>
      </symbol>
      <symbol id="sm-9bc">
         <name>HOSTrename</name>
         <value>0x11c08</value>
         <object_component_ref idref="oc-794"/>
      </symbol>
      <symbol id="sm-9bd">
         <name>HOSTclose</name>
         <value>0x1216c</value>
         <object_component_ref idref="oc-776"/>
      </symbol>
      <symbol id="sm-9be">
         <name>HOSTunlink</name>
         <value>0x122e4</value>
         <object_component_ref idref="oc-78e"/>
      </symbol>
      <symbol id="sm-9bf">
         <name>HOSTlseek</name>
         <value>0x1141a</value>
         <object_component_ref idref="oc-788"/>
      </symbol>
      <symbol id="sm-9c0">
         <name>HOSTopen</name>
         <value>0x11c7c</value>
         <object_component_ref idref="oc-770"/>
      </symbol>
      <symbol id="sm-9c1">
         <name>HOSTwrite</name>
         <value>0x11d5c</value>
         <object_component_ref idref="oc-782"/>
      </symbol>
      <symbol id="sm-9c2">
         <name>HOSTread</name>
         <value>0x11dc8</value>
         <object_component_ref idref="oc-77c"/>
      </symbol>
      <symbol id="sm-9e0">
         <name>__TI_readmsg</name>
         <value>0x1250a</value>
         <object_component_ref idref="oc-7b4"/>
      </symbol>
      <symbol id="sm-9e1">
         <name>C$$IO$$</name>
         <value>0x12506</value>
         <object_component_ref idref="oc-7ae"/>
      </symbol>
      <symbol id="sm-9e2">
         <name>_CIOBUF_</name>
         <value>0x2632</value>
         <object_component_ref idref="oc-7de"/>
      </symbol>
      <symbol id="sm-9e3">
         <name>__TI_writemsg</name>
         <value>0x124d4</value>
         <object_component_ref idref="oc-7ae"/>
      </symbol>
      <symbol id="sm-9f5">
         <name>__TI_buff_read</name>
         <value>0x116ac</value>
         <object_component_ref idref="oc-669"/>
      </symbol>
      <symbol id="sm-a14">
         <name>__TI_wrt_ok</name>
         <value>0x11b12</value>
         <object_component_ref idref="oc-62f"/>
      </symbol>
      <symbol id="sm-a15">
         <name>__TI_rd_ok</name>
         <value>0x11f66</value>
         <object_component_ref idref="oc-663"/>
      </symbol>
      <symbol id="sm-a1d">
         <name>__mspabi_sral_15</name>
         <value>0x1236c</value>
         <object_component_ref idref="oc-7bf"/>
      </symbol>
      <symbol id="sm-a1e">
         <name>__mspabi_sral_14</name>
         <value>0x12370</value>
         <object_component_ref idref="oc-7bf"/>
      </symbol>
      <symbol id="sm-a1f">
         <name>__mspabi_sral_13</name>
         <value>0x12374</value>
         <object_component_ref idref="oc-7bf"/>
      </symbol>
      <symbol id="sm-a20">
         <name>__mspabi_sral_12</name>
         <value>0x12378</value>
         <object_component_ref idref="oc-7bf"/>
      </symbol>
      <symbol id="sm-a21">
         <name>__mspabi_sral_11</name>
         <value>0x1237c</value>
         <object_component_ref idref="oc-7bf"/>
      </symbol>
      <symbol id="sm-a22">
         <name>__mspabi_sral_10</name>
         <value>0x12380</value>
         <object_component_ref idref="oc-7bf"/>
      </symbol>
      <symbol id="sm-a23">
         <name>__mspabi_sral_8</name>
         <value>0x12388</value>
         <object_component_ref idref="oc-7bf"/>
      </symbol>
      <symbol id="sm-a24">
         <name>__mspabi_sral_9</name>
         <value>0x12384</value>
         <object_component_ref idref="oc-7bf"/>
      </symbol>
      <symbol id="sm-a25">
         <name>__mspabi_sral_6</name>
         <value>0x12390</value>
         <object_component_ref idref="oc-7bf"/>
      </symbol>
      <symbol id="sm-a26">
         <name>__mspabi_sral_7</name>
         <value>0x1238c</value>
         <object_component_ref idref="oc-7bf"/>
      </symbol>
      <symbol id="sm-a27">
         <name>__mspabi_sral_4</name>
         <value>0x12398</value>
         <object_component_ref idref="oc-7bf"/>
      </symbol>
      <symbol id="sm-a28">
         <name>__mspabi_sral_5</name>
         <value>0x12394</value>
         <object_component_ref idref="oc-7bf"/>
      </symbol>
      <symbol id="sm-a29">
         <name>__mspabi_sral_2</name>
         <value>0x123a0</value>
         <object_component_ref idref="oc-7bf"/>
      </symbol>
      <symbol id="sm-a2a">
         <name>__mspabi_sral_3</name>
         <value>0x1239c</value>
         <object_component_ref idref="oc-7bf"/>
      </symbol>
      <symbol id="sm-a2b">
         <name>__mspabi_sral_1</name>
         <value>0x123a4</value>
         <object_component_ref idref="oc-7bf"/>
      </symbol>
      <symbol id="sm-a39">
         <name>__mspabi_remul</name>
         <value>0x12074</value>
         <object_component_ref idref="oc-689"/>
      </symbol>
      <symbol id="sm-a3a">
         <name>__mspabi_divul</name>
         <value>0x12074</value>
         <object_component_ref idref="oc-689"/>
      </symbol>
      <symbol id="sm-a41">
         <name>errno</name>
         <value>0x262c</value>
         <object_component_ref idref="oc-68e"/>
      </symbol>
      <symbol id="sm-a52">
         <name>__TI_doflush</name>
         <value>0x11f02</value>
         <object_component_ref idref="oc-63b"/>
      </symbol>
      <symbol id="sm-a5e">
         <name>__TI_cleanup</name>
         <value>0x1249e</value>
         <object_component_ref idref="oc-712"/>
      </symbol>
      <symbol id="sm-a6e">
         <name>fseek</name>
         <value>0x11e32</value>
         <object_component_ref idref="oc-6ea"/>
      </symbol>
      <symbol id="sm-a76">
         <name>__mspabi_slll_9</name>
         <value>0x123c2</value>
         <object_component_ref idref="oc-7c4"/>
      </symbol>
      <symbol id="sm-a77">
         <name>__mspabi_slll_8</name>
         <value>0x123c6</value>
         <object_component_ref idref="oc-7c4"/>
      </symbol>
      <symbol id="sm-a78">
         <name>__mspabi_slll_7</name>
         <value>0x123ca</value>
         <object_component_ref idref="oc-7c4"/>
      </symbol>
      <symbol id="sm-a79">
         <name>__mspabi_slll_6</name>
         <value>0x123ce</value>
         <object_component_ref idref="oc-7c4"/>
      </symbol>
      <symbol id="sm-a7a">
         <name>__mspabi_slll_5</name>
         <value>0x123d2</value>
         <object_component_ref idref="oc-7c4"/>
      </symbol>
      <symbol id="sm-a7b">
         <name>__mspabi_slll_4</name>
         <value>0x123d6</value>
         <object_component_ref idref="oc-7c4"/>
      </symbol>
      <symbol id="sm-a7c">
         <name>__mspabi_slll_3</name>
         <value>0x123da</value>
         <object_component_ref idref="oc-7c4"/>
      </symbol>
      <symbol id="sm-a7d">
         <name>__mspabi_slll_2</name>
         <value>0x123de</value>
         <object_component_ref idref="oc-7c4"/>
      </symbol>
      <symbol id="sm-a7e">
         <name>__mspabi_slll_1</name>
         <value>0x123e2</value>
         <object_component_ref idref="oc-7c4"/>
      </symbol>
      <symbol id="sm-a7f">
         <name>__mspabi_slll_15</name>
         <value>0x123aa</value>
         <object_component_ref idref="oc-7c4"/>
      </symbol>
      <symbol id="sm-a80">
         <name>__mspabi_slll_14</name>
         <value>0x123ae</value>
         <object_component_ref idref="oc-7c4"/>
      </symbol>
      <symbol id="sm-a81">
         <name>__mspabi_slll_13</name>
         <value>0x123b2</value>
         <object_component_ref idref="oc-7c4"/>
      </symbol>
      <symbol id="sm-a82">
         <name>__mspabi_slll_12</name>
         <value>0x123b6</value>
         <object_component_ref idref="oc-7c4"/>
      </symbol>
      <symbol id="sm-a83">
         <name>__mspabi_slll_11</name>
         <value>0x123ba</value>
         <object_component_ref idref="oc-7c4"/>
      </symbol>
      <symbol id="sm-a84">
         <name>__mspabi_slll_10</name>
         <value>0x123be</value>
         <object_component_ref idref="oc-7c4"/>
      </symbol>
      <symbol id="sm-a92">
         <name>strcpy</name>
         <value>0x127a4</value>
         <object_component_ref idref="oc-7cb"/>
      </symbol>
      <symbol id="sm-aa3">
         <name>__TI_closefile</name>
         <value>0x11cec</value>
         <object_component_ref idref="oc-760"/>
      </symbol>
      <symbol id="sm-aa6">
         <name>__TI_BINIT_Base</name>
         <value>0x0</value>
      </symbol>
      <symbol id="sm-aa7">
         <name>__TI_BINIT_Limit</name>
         <value>0x0</value>
      </symbol>
      <symbol id="sm-aa8">
         <name>__TI_INITARRAY_Base</name>
         <value>0x0</value>
      </symbol>
      <symbol id="sm-aa9">
         <name>__TI_INITARRAY_Limit</name>
         <value>0x0</value>
      </symbol>
      <symbol id="sm-aaa">
         <name>remove</name>
         <value>0x1256e</value>
      </symbol>
   </symbol_table>
   <title>Link successful</title>
</link_info>
