<?xml version="1.0"?>
<link_info>
   <banner>MSP430 Linker PC v16.9.0.LTS</banner>
   <copyright>Copyright (c) 2003-2015 Texas Instruments Incorporated</copyright>
   <link_time>0x589d3015</link_time>
   <link_errors>0x0</link_errors>
   <output_file>Depth Controller Beta.out</output_file>
   <entry_point>
      <name>_c_int00_noargs_noexit</name>
      <address>0x450e</address>
   </entry_point>
   <input_file_list>
      <input_file id="fl-2">
         <path>.\</path>
         <kind>object</kind>
         <file>General_JMP.obj</file>
         <name>General_JMP.obj</name>
      </input_file>
      <input_file id="fl-3">
         <path>.\</path>
         <kind>object</kind>
         <file>MS5837-30BA.obj</file>
         <name>MS5837-30BA.obj</name>
      </input_file>
      <input_file id="fl-4">
         <path>.\</path>
         <kind>object</kind>
         <file>Motors_JMP.obj</file>
         <name>Motors_JMP.obj</name>
      </input_file>
      <input_file id="fl-5">
         <path>.\</path>
         <kind>object</kind>
         <file>Serial_JMP.obj</file>
         <name>Serial_JMP.obj</name>
      </input_file>
      <input_file id="fl-6">
         <path>.\</path>
         <kind>object</kind>
         <file>main.obj</file>
         <name>main.obj</name>
      </input_file>
      <input_file id="fl-27">
         <path>C:\ti\ccsv7\tools\compiler\ti-cgt-msp430_16.9.0.LTS\lib\</path>
         <kind>archive</kind>
         <file>rts430x_lc_rd_eabi.lib</file>
         <name>asr32.obj</name>
      </input_file>
      <input_file id="fl-28">
         <path>C:\ti\ccsv7\tools\compiler\ti-cgt-msp430_16.9.0.LTS\lib\</path>
         <kind>archive</kind>
         <file>rts430x_lc_rd_eabi.lib</file>
         <name>boot.obj</name>
      </input_file>
      <input_file id="fl-29">
         <path>C:\ti\ccsv7\tools\compiler\ti-cgt-msp430_16.9.0.LTS\lib\</path>
         <kind>archive</kind>
         <file>rts430x_lc_rd_eabi.lib</file>
         <name>boot_special.obj</name>
      </input_file>
      <input_file id="fl-2a">
         <path>C:\ti\ccsv7\tools\compiler\ti-cgt-msp430_16.9.0.LTS\lib\</path>
         <kind>archive</kind>
         <file>rts430x_lc_rd_eabi.lib</file>
         <name>copy_decompress_lzss.obj</name>
      </input_file>
      <input_file id="fl-2b">
         <path>C:\ti\ccsv7\tools\compiler\ti-cgt-msp430_16.9.0.LTS\lib\</path>
         <kind>archive</kind>
         <file>rts430x_lc_rd_eabi.lib</file>
         <name>copy_decompress_none.obj</name>
      </input_file>
      <input_file id="fl-2c">
         <path>C:\ti\ccsv7\tools\compiler\ti-cgt-msp430_16.9.0.LTS\lib\</path>
         <kind>archive</kind>
         <file>rts430x_lc_rd_eabi.lib</file>
         <name>copy_zero_init.obj</name>
      </input_file>
      <input_file id="fl-2d">
         <path>C:\ti\ccsv7\tools\compiler\ti-cgt-msp430_16.9.0.LTS\lib\</path>
         <kind>archive</kind>
         <file>rts430x_lc_rd_eabi.lib</file>
         <name>div16s.obj</name>
      </input_file>
      <input_file id="fl-2e">
         <path>C:\ti\ccsv7\tools\compiler\ti-cgt-msp430_16.9.0.LTS\lib\</path>
         <kind>archive</kind>
         <file>rts430x_lc_rd_eabi.lib</file>
         <name>div16u.obj</name>
      </input_file>
      <input_file id="fl-2f">
         <path>C:\ti\ccsv7\tools\compiler\ti-cgt-msp430_16.9.0.LTS\lib\</path>
         <kind>archive</kind>
         <file>rts430x_lc_rd_eabi.lib</file>
         <name>div32s.obj</name>
      </input_file>
      <input_file id="fl-30">
         <path>C:\ti\ccsv7\tools\compiler\ti-cgt-msp430_16.9.0.LTS\lib\</path>
         <kind>archive</kind>
         <file>rts430x_lc_rd_eabi.lib</file>
         <name>div32u.obj</name>
      </input_file>
      <input_file id="fl-31">
         <path>C:\ti\ccsv7\tools\compiler\ti-cgt-msp430_16.9.0.LTS\lib\</path>
         <kind>archive</kind>
         <file>rts430x_lc_rd_eabi.lib</file>
         <name>exit.obj</name>
      </input_file>
      <input_file id="fl-32">
         <path>C:\ti\ccsv7\tools\compiler\ti-cgt-msp430_16.9.0.LTS\lib\</path>
         <kind>archive</kind>
         <file>rts430x_lc_rd_eabi.lib</file>
         <name>exit_gvars.obj</name>
      </input_file>
      <input_file id="fl-33">
         <path>C:\ti\ccsv7\tools\compiler\ti-cgt-msp430_16.9.0.LTS\lib\</path>
         <kind>archive</kind>
         <file>rts430x_lc_rd_eabi.lib</file>
         <name>int41.obj</name>
      </input_file>
      <input_file id="fl-34">
         <path>C:\ti\ccsv7\tools\compiler\ti-cgt-msp430_16.9.0.LTS\lib\</path>
         <kind>archive</kind>
         <file>rts430x_lc_rd_eabi.lib</file>
         <name>int42.obj</name>
      </input_file>
      <input_file id="fl-35">
         <path>C:\ti\ccsv7\tools\compiler\ti-cgt-msp430_16.9.0.LTS\lib\</path>
         <kind>archive</kind>
         <file>rts430x_lc_rd_eabi.lib</file>
         <name>int43.obj</name>
      </input_file>
      <input_file id="fl-36">
         <path>C:\ti\ccsv7\tools\compiler\ti-cgt-msp430_16.9.0.LTS\lib\</path>
         <kind>archive</kind>
         <file>rts430x_lc_rd_eabi.lib</file>
         <name>int44.obj</name>
      </input_file>
      <input_file id="fl-37">
         <path>C:\ti\ccsv7\tools\compiler\ti-cgt-msp430_16.9.0.LTS\lib\</path>
         <kind>archive</kind>
         <file>rts430x_lc_rd_eabi.lib</file>
         <name>int45.obj</name>
      </input_file>
      <input_file id="fl-38">
         <path>C:\ti\ccsv7\tools\compiler\ti-cgt-msp430_16.9.0.LTS\lib\</path>
         <kind>archive</kind>
         <file>rts430x_lc_rd_eabi.lib</file>
         <name>int47.obj</name>
      </input_file>
      <input_file id="fl-39">
         <path>C:\ti\ccsv7\tools\compiler\ti-cgt-msp430_16.9.0.LTS\lib\</path>
         <kind>archive</kind>
         <file>rts430x_lc_rd_eabi.lib</file>
         <name>int48.obj</name>
      </input_file>
      <input_file id="fl-3a">
         <path>C:\ti\ccsv7\tools\compiler\ti-cgt-msp430_16.9.0.LTS\lib\</path>
         <kind>archive</kind>
         <file>rts430x_lc_rd_eabi.lib</file>
         <name>int49.obj</name>
      </input_file>
      <input_file id="fl-3b">
         <path>C:\ti\ccsv7\tools\compiler\ti-cgt-msp430_16.9.0.LTS\lib\</path>
         <kind>archive</kind>
         <file>rts430x_lc_rd_eabi.lib</file>
         <name>int50.obj</name>
      </input_file>
      <input_file id="fl-3c">
         <path>C:\ti\ccsv7\tools\compiler\ti-cgt-msp430_16.9.0.LTS\lib\</path>
         <kind>archive</kind>
         <file>rts430x_lc_rd_eabi.lib</file>
         <name>int51.obj</name>
      </input_file>
      <input_file id="fl-3d">
         <path>C:\ti\ccsv7\tools\compiler\ti-cgt-msp430_16.9.0.LTS\lib\</path>
         <kind>archive</kind>
         <file>rts430x_lc_rd_eabi.lib</file>
         <name>int52.obj</name>
      </input_file>
      <input_file id="fl-3e">
         <path>C:\ti\ccsv7\tools\compiler\ti-cgt-msp430_16.9.0.LTS\lib\</path>
         <kind>archive</kind>
         <file>rts430x_lc_rd_eabi.lib</file>
         <name>int53.obj</name>
      </input_file>
      <input_file id="fl-3f">
         <path>C:\ti\ccsv7\tools\compiler\ti-cgt-msp430_16.9.0.LTS\lib\</path>
         <kind>archive</kind>
         <file>rts430x_lc_rd_eabi.lib</file>
         <name>int54.obj</name>
      </input_file>
      <input_file id="fl-40">
         <path>C:\ti\ccsv7\tools\compiler\ti-cgt-msp430_16.9.0.LTS\lib\</path>
         <kind>archive</kind>
         <file>rts430x_lc_rd_eabi.lib</file>
         <name>int57.obj</name>
      </input_file>
      <input_file id="fl-41">
         <path>C:\ti\ccsv7\tools\compiler\ti-cgt-msp430_16.9.0.LTS\lib\</path>
         <kind>archive</kind>
         <file>rts430x_lc_rd_eabi.lib</file>
         <name>int58.obj</name>
      </input_file>
      <input_file id="fl-42">
         <path>C:\ti\ccsv7\tools\compiler\ti-cgt-msp430_16.9.0.LTS\lib\</path>
         <kind>archive</kind>
         <file>rts430x_lc_rd_eabi.lib</file>
         <name>int60.obj</name>
      </input_file>
      <input_file id="fl-43">
         <path>C:\ti\ccsv7\tools\compiler\ti-cgt-msp430_16.9.0.LTS\lib\</path>
         <kind>archive</kind>
         <file>rts430x_lc_rd_eabi.lib</file>
         <name>int61.obj</name>
      </input_file>
      <input_file id="fl-44">
         <path>C:\ti\ccsv7\tools\compiler\ti-cgt-msp430_16.9.0.LTS\lib\</path>
         <kind>archive</kind>
         <file>rts430x_lc_rd_eabi.lib</file>
         <name>int62.obj</name>
      </input_file>
      <input_file id="fl-45">
         <path>C:\ti\ccsv7\tools\compiler\ti-cgt-msp430_16.9.0.LTS\lib\</path>
         <kind>archive</kind>
         <file>rts430x_lc_rd_eabi.lib</file>
         <name>isr_trap.obj</name>
      </input_file>
      <input_file id="fl-46">
         <path>C:\ti\ccsv7\tools\compiler\ti-cgt-msp430_16.9.0.LTS\lib\</path>
         <kind>archive</kind>
         <file>rts430x_lc_rd_eabi.lib</file>
         <name>lsl32.obj</name>
      </input_file>
      <input_file id="fl-47">
         <path>C:\ti\ccsv7\tools\compiler\ti-cgt-msp430_16.9.0.LTS\lib\</path>
         <kind>archive</kind>
         <file>rts430x_lc_rd_eabi.lib</file>
         <name>lsr32.obj</name>
      </input_file>
      <input_file id="fl-48">
         <path>C:\ti\ccsv7\tools\compiler\ti-cgt-msp430_16.9.0.LTS\lib\</path>
         <kind>archive</kind>
         <file>rts430x_lc_rd_eabi.lib</file>
         <name>lsr64.obj</name>
      </input_file>
      <input_file id="fl-49">
         <path>C:\ti\ccsv7\tools\compiler\ti-cgt-msp430_16.9.0.LTS\lib\</path>
         <kind>archive</kind>
         <file>rts430x_lc_rd_eabi.lib</file>
         <name>memcpy.obj</name>
      </input_file>
      <input_file id="fl-4a">
         <path>C:\ti\ccsv7\tools\compiler\ti-cgt-msp430_16.9.0.LTS\lib\</path>
         <kind>archive</kind>
         <file>rts430x_lc_rd_eabi.lib</file>
         <name>mpu_init.obj</name>
      </input_file>
      <input_file id="fl-4b">
         <path>C:\ti\ccsv7\tools\compiler\ti-cgt-msp430_16.9.0.LTS\lib\</path>
         <kind>archive</kind>
         <file>rts430x_lc_rd_eabi.lib</file>
         <name>mult16.obj</name>
      </input_file>
      <input_file id="fl-4c">
         <path>C:\ti\ccsv7\tools\compiler\ti-cgt-msp430_16.9.0.LTS\lib\</path>
         <kind>archive</kind>
         <file>rts430x_lc_rd_eabi.lib</file>
         <name>mult1632_f5hw.obj</name>
      </input_file>
      <input_file id="fl-4d">
         <path>C:\ti\ccsv7\tools\compiler\ti-cgt-msp430_16.9.0.LTS\lib\</path>
         <kind>archive</kind>
         <file>rts430x_lc_rd_eabi.lib</file>
         <name>mult16_f5hw.obj</name>
      </input_file>
      <input_file id="fl-4e">
         <path>C:\ti\ccsv7\tools\compiler\ti-cgt-msp430_16.9.0.LTS\lib\</path>
         <kind>archive</kind>
         <file>rts430x_lc_rd_eabi.lib</file>
         <name>mult32.obj</name>
      </input_file>
      <input_file id="fl-4f">
         <path>C:\ti\ccsv7\tools\compiler\ti-cgt-msp430_16.9.0.LTS\lib\</path>
         <kind>archive</kind>
         <file>rts430x_lc_rd_eabi.lib</file>
         <name>mult3264_f5hw.obj</name>
      </input_file>
      <input_file id="fl-50">
         <path>C:\ti\ccsv7\tools\compiler\ti-cgt-msp430_16.9.0.LTS\lib\</path>
         <kind>archive</kind>
         <file>rts430x_lc_rd_eabi.lib</file>
         <name>mult32_f5hw.obj</name>
      </input_file>
      <input_file id="fl-51">
         <path>C:\ti\ccsv7\tools\compiler\ti-cgt-msp430_16.9.0.LTS\lib\</path>
         <kind>archive</kind>
         <file>rts430x_lc_rd_eabi.lib</file>
         <name>mult64.obj</name>
      </input_file>
      <input_file id="fl-52">
         <path>C:\ti\ccsv7\tools\compiler\ti-cgt-msp430_16.9.0.LTS\lib\</path>
         <kind>archive</kind>
         <file>rts430x_lc_rd_eabi.lib</file>
         <name>mult64_f5hw.obj</name>
      </input_file>
      <input_file id="fl-53">
         <path>C:\ti\ccsv7\tools\compiler\ti-cgt-msp430_16.9.0.LTS\lib\</path>
         <kind>archive</kind>
         <file>rts430x_lc_rd_eabi.lib</file>
         <name>pre_init.obj</name>
      </input_file>
      <input_file id="fl-54">
         <path>C:\ti\ccsv7\tools\compiler\ti-cgt-msp430_16.9.0.LTS\lib\</path>
         <kind>archive</kind>
         <file>rts430x_lc_rd_eabi.lib</file>
         <name>strlen.obj</name>
      </input_file>
      <input_file id="fl-55">
         <path>C:\ti\ccsv7\tools\compiler\ti-cgt-msp430_16.9.0.LTS\lib\</path>
         <kind>archive</kind>
         <file>rts430x_lc_rd_eabi.lib</file>
         <name>_lock.obj</name>
      </input_file>
      <input_file id="fl-56">
         <path>C:\ti\ccsv7\tools\compiler\ti-cgt-msp430_16.9.0.LTS\lib\</path>
         <kind>archive</kind>
         <file>rts430x_lc_rd_eabi.lib</file>
         <name>args_main.obj</name>
      </input_file>
      <input_file id="fl-57">
         <path>C:\ti\ccsv7\tools\compiler\ti-cgt-msp430_16.9.0.LTS\lib\</path>
         <kind>archive</kind>
         <file>rts430x_lc_rd_eabi.lib</file>
         <name>autoinit_wdt.obj</name>
      </input_file>
      <input_file id="fl-58">
         <path>C:\ti\ccsv7\tools\compiler\ti-cgt-msp430_16.9.0.LTS\lib\</path>
         <kind>archive</kind>
         <file>rts430x_lc_rd_eabi.lib</file>
         <name>cpy_tbl.obj</name>
      </input_file>
      <input_file id="fl-59">
         <path>C:\ti\ccsv7\tools\compiler\ti-cgt-msp430_16.9.0.LTS\lib\</path>
         <kind>archive</kind>
         <file>rts430x_lc_rd_eabi.lib</file>
         <name>mult1632.obj</name>
      </input_file>
      <input_file id="fl-5a">
         <path>C:\ti\ccsv7\tools\compiler\ti-cgt-msp430_16.9.0.LTS\lib\</path>
         <kind>archive</kind>
         <file>rts430x_lc_rd_eabi.lib</file>
         <name>startup.obj</name>
      </input_file>
   </input_file_list>
   <object_component_list>
      <object_component id="oc-456">
         <name>.common:BT</name>
         <uninitialized>true</uninitialized>
         <run_address>0x2448</run_address>
         <size>0x1</size>
      </object_component>
      <object_component id="oc-58d">
         <name>.common:C1</name>
         <uninitialized>true</uninitialized>
         <run_address>0x2434</run_address>
         <size>0x2</size>
      </object_component>
      <object_component id="oc-58e">
         <name>.common:C2</name>
         <uninitialized>true</uninitialized>
         <run_address>0x2436</run_address>
         <size>0x2</size>
      </object_component>
      <object_component id="oc-58f">
         <name>.common:C3</name>
         <uninitialized>true</uninitialized>
         <run_address>0x2438</run_address>
         <size>0x2</size>
      </object_component>
      <object_component id="oc-590">
         <name>.common:C4</name>
         <uninitialized>true</uninitialized>
         <run_address>0x243a</run_address>
         <size>0x2</size>
      </object_component>
      <object_component id="oc-591">
         <name>.common:C5</name>
         <uninitialized>true</uninitialized>
         <run_address>0x243c</run_address>
         <size>0x2</size>
      </object_component>
      <object_component id="oc-592">
         <name>.common:C6</name>
         <uninitialized>true</uninitialized>
         <run_address>0x243e</run_address>
         <size>0x2</size>
      </object_component>
      <object_component id="oc-5a0">
         <name>.common:D1</name>
         <uninitialized>true</uninitialized>
         <run_address>0x2408</run_address>
         <size>0x4</size>
      </object_component>
      <object_component id="oc-5a1">
         <name>.common:D2</name>
         <uninitialized>true</uninitialized>
         <run_address>0x240c</run_address>
         <size>0x4</size>
      </object_component>
      <object_component id="oc-5a3">
         <name>.common:dT</name>
         <uninitialized>true</uninitialized>
         <run_address>0x2420</run_address>
         <size>0x4</size>
      </object_component>
      <object_component id="oc-555">
         <name>.common:TEMP</name>
         <uninitialized>true</uninitialized>
         <run_address>0x241c</run_address>
         <size>0x4</size>
      </object_component>
      <object_component id="oc-5ae">
         <name>.common:OFF</name>
         <uninitialized>true</uninitialized>
         <run_address>0x2410</run_address>
         <size>0x4</size>
      </object_component>
      <object_component id="oc-5b4">
         <name>.common:SENS</name>
         <uninitialized>true</uninitialized>
         <run_address>0x2418</run_address>
         <size>0x4</size>
      </object_component>
      <object_component id="oc-553">
         <name>.common:P</name>
         <uninitialized>true</uninitialized>
         <run_address>0x2414</run_address>
         <size>0x4</size>
      </object_component>
      <object_component id="oc-586">
         <name>.common:I2C_buffer</name>
         <uninitialized>true</uninitialized>
         <run_address>0x2400</run_address>
         <size>0x8</size>
      </object_component>
      <object_component id="oc-454">
         <name>.common:uartBuff</name>
         <uninitialized>true</uninitialized>
         <run_address>0x244c</run_address>
         <size>0x1</size>
      </object_component>
      <object_component id="oc-448">
         <name>.common:USBBuff</name>
         <uninitialized>true</uninitialized>
         <run_address>0x2449</run_address>
         <size>0x1</size>
      </object_component>
      <object_component id="oc-452">
         <name>.common:txAddress</name>
         <uninitialized>true</uninitialized>
         <run_address>0x244b</run_address>
         <size>0x1</size>
      </object_component>
      <object_component id="oc-451">
         <name>.common:txData</name>
         <uninitialized>true</uninitialized>
         <run_address>0x2430</run_address>
         <size>0x4</size>
      </object_component>
      <object_component id="oc-44e">
         <name>.common:rxDest</name>
         <uninitialized>true</uninitialized>
         <run_address>0x2428</run_address>
         <size>0x4</size>
      </object_component>
      <object_component id="oc-44d">
         <name>.common:rxByteCtr</name>
         <uninitialized>true</uninitialized>
         <run_address>0x244a</run_address>
         <size>0x1</size>
      </object_component>
      <object_component id="oc-450">
         <name>.common:txByteCtr</name>
         <uninitialized>true</uninitialized>
         <run_address>0x2444</run_address>
         <size>0x2</size>
      </object_component>
      <object_component id="oc-44f">
         <name>.common:txLength</name>
         <uninitialized>true</uninitialized>
         <run_address>0x2446</run_address>
         <size>0x2</size>
      </object_component>
      <object_component id="oc-44c">
         <name>.common:rx</name>
         <uninitialized>true</uninitialized>
         <run_address>0x2440</run_address>
         <size>0x2</size>
      </object_component>
      <object_component id="oc-4dd">
         <name>.common:pressure</name>
         <uninitialized>true</uninitialized>
         <run_address>0x2424</run_address>
         <size>0x4</size>
      </object_component>
      <object_component id="oc-4e4">
         <name>.common:temp</name>
         <uninitialized>true</uninitialized>
         <run_address>0x242c</run_address>
         <size>0x4</size>
      </object_component>
      <object_component id="oc-4ec">
         <name>.common:samp</name>
         <uninitialized>true</uninitialized>
         <run_address>0x2442</run_address>
         <size>0x2</size>
      </object_component>
      <object_component id="oc-3bd">
         <name>.stack</name>
         <uninitialized>true</uninitialized>
         <run_address>0x4360</run_address>
         <size>0x4</size>
         <input_file_ref idref="fl-28"/>
      </object_component>
      <object_component id="oc-649">
         <name>.stack</name>
         <uninitialized>true</uninitialized>
         <run_address>0x4360</run_address>
         <size>0x0</size>
      </object_component>
      <object_component id="oc-41d">
         <name>.text:main</name>
         <load_address>0x10000</load_address>
         <run_address>0x10000</run_address>
         <size>0x2b6</size>
         <input_file_ref idref="fl-6"/>
      </object_component>
      <object_component id="oc-54c">
         <name>.text:calculate_pressure</name>
         <load_address>0x102b6</load_address>
         <run_address>0x102b6</run_address>
         <size>0x200</size>
         <input_file_ref idref="fl-3"/>
      </object_component>
      <object_component id="oc-537">
         <name>.text:read_factory_calibration</name>
         <load_address>0x104b6</load_address>
         <run_address>0x104b6</run_address>
         <size>0xda</size>
         <input_file_ref idref="fl-3"/>
      </object_component>
      <object_component id="oc-4b8">
         <name>.text:MOTOR_speed</name>
         <load_address>0x10590</load_address>
         <run_address>0x10590</run_address>
         <size>0xaa</size>
         <input_file_ref idref="fl-4"/>
      </object_component>
      <object_component id="oc-494">
         <name>.text:USB_setup</name>
         <load_address>0x1063a</load_address>
         <run_address>0x1063a</run_address>
         <size>0xa2</size>
         <input_file_ref idref="fl-5"/>
      </object_component>
      <object_component id="oc-49a">
         <name>.text:MOTOR_ultra_setup</name>
         <load_address>0x106dc</load_address>
         <run_address>0x106dc</run_address>
         <size>0x9e</size>
         <input_file_ref idref="fl-4"/>
      </object_component>
      <object_component id="oc-546">
         <name>.text:read_conversions</name>
         <load_address>0x1077a</load_address>
         <run_address>0x1077a</run_address>
         <size>0x9e</size>
         <input_file_ref idref="fl-3"/>
      </object_component>
      <object_component id="oc-403">
         <name>.text:_auto_init_hold_wdt</name>
         <load_address>0x10818</load_address>
         <run_address>0x10818</run_address>
         <size>0x82</size>
         <input_file_ref idref="fl-57"/>
      </object_component>
      <object_component id="oc-557">
         <name>.text:itoa</name>
         <load_address>0x1089a</load_address>
         <run_address>0x1089a</run_address>
         <size>0x6a</size>
         <input_file_ref idref="fl-2"/>
      </object_component>
      <object_component id="oc-467">
         <name>.text:copy_in</name>
         <load_address>0x10904</load_address>
         <run_address>0x10904</run_address>
         <size>0x66</size>
         <input_file_ref idref="fl-58"/>
      </object_component>
      <object_component id="oc-48e">
         <name>.text:I2C_setup</name>
         <load_address>0x1096a</load_address>
         <run_address>0x1096a</run_address>
         <size>0x60</size>
         <input_file_ref idref="fl-5"/>
      </object_component>
      <object_component id="oc-5b5">
         <name>.text:__mpyll</name>
         <load_address>0x109ca</load_address>
         <run_address>0x109ca</run_address>
         <size>0x5c</size>
         <input_file_ref idref="fl-52"/>
      </object_component>
      <object_component id="oc-579">
         <name>.text</name>
         <load_address>0x10a26</load_address>
         <run_address>0x10a26</run_address>
         <size>0x58</size>
         <input_file_ref idref="fl-30"/>
      </object_component>
      <object_component id="oc-45d">
         <name>.text:SAMPLE_measure</name>
         <load_address>0x10a7e</load_address>
         <run_address>0x10a7e</run_address>
         <size>0x56</size>
         <input_file_ref idref="fl-6"/>
      </object_component>
      <object_component id="oc-587">
         <name>.text:I2C_read</name>
         <load_address>0x10ad4</load_address>
         <run_address>0x10ad4</run_address>
         <size>0x4c</size>
         <input_file_ref idref="fl-5"/>
      </object_component>
      <object_component id="oc-5c1">
         <name>.text:reverse</name>
         <load_address>0x10b20</load_address>
         <run_address>0x10b20</run_address>
         <size>0x46</size>
         <input_file_ref idref="fl-2"/>
      </object_component>
      <object_component id="oc-52b">
         <name>.text</name>
         <load_address>0x10b66</load_address>
         <run_address>0x10b66</run_address>
         <size>0x40</size>
         <input_file_ref idref="fl-2f"/>
      </object_component>
      <object_component id="oc-4e6">
         <name>.text:USB_print_value</name>
         <load_address>0x10ba6</load_address>
         <run_address>0x10ba6</run_address>
         <size>0x3e</size>
         <input_file_ref idref="fl-5"/>
      </object_component>
      <object_component id="oc-5af">
         <name>.text:l_asr_const</name>
         <load_address>0x10be4</load_address>
         <run_address>0x10be4</run_address>
         <size>0x3e</size>
         <input_file_ref idref="fl-27"/>
      </object_component>
      <object_component id="oc-526">
         <name>.text:l_lsl_const</name>
         <load_address>0x10c22</load_address>
         <run_address>0x10c22</run_address>
         <size>0x3e</size>
         <input_file_ref idref="fl-46"/>
      </object_component>
      <object_component id="oc-5a9">
         <name>.text:l_lsr_const</name>
         <load_address>0x10c60</load_address>
         <run_address>0x10c60</run_address>
         <size>0x3e</size>
         <input_file_ref idref="fl-47"/>
      </object_component>
      <object_component id="oc-5ba">
         <name>.text:__mspabi_srlll</name>
         <load_address>0x10c9e</load_address>
         <run_address>0x10c9e</run_address>
         <size>0x3a</size>
         <input_file_ref idref="fl-48"/>
      </object_component>
      <object_component id="oc-59a">
         <name>.text:delay</name>
         <load_address>0x10cd8</load_address>
         <run_address>0x10cd8</run_address>
         <size>0x36</size>
         <input_file_ref idref="fl-2"/>
      </object_component>
      <object_component id="oc-57f">
         <name>.text:I2C_write</name>
         <load_address>0x10d0e</load_address>
         <run_address>0x10d0e</run_address>
         <size>0x34</size>
         <input_file_ref idref="fl-5"/>
      </object_component>
      <object_component id="oc-4a0">
         <name>.text:BT_timeout_setup</name>
         <load_address>0x10d42</load_address>
         <run_address>0x10d42</run_address>
         <size>0x2c</size>
         <input_file_ref idref="fl-5"/>
      </object_component>
      <object_component id="oc-540">
         <name>.text</name>
         <load_address>0x10d6e</load_address>
         <run_address>0x10d6e</run_address>
         <size>0x2c</size>
         <input_file_ref idref="fl-2d"/>
      </object_component>
      <object_component id="oc-8f">
         <name>.text:decompress:ZI:__TI_zero_init</name>
         <load_address>0x10d9a</load_address>
         <run_address>0x10d9a</run_address>
         <size>0x24</size>
         <input_file_ref idref="fl-2c"/>
      </object_component>
      <object_component id="oc-5a4">
         <name>.text</name>
         <load_address>0x10dbe</load_address>
         <run_address>0x10dbe</run_address>
         <size>0x24</size>
         <input_file_ref idref="fl-50"/>
      </object_component>
      <object_component id="oc-531">
         <name>.text:reset_sequence</name>
         <load_address>0x10de2</load_address>
         <run_address>0x10de2</run_address>
         <size>0x20</size>
         <input_file_ref idref="fl-3"/>
      </object_component>
      <object_component id="oc-4b2">
         <name>.text:USB_receive_byte</name>
         <load_address>0x10e02</load_address>
         <run_address>0x10e02</run_address>
         <size>0x18</size>
         <input_file_ref idref="fl-5"/>
      </object_component>
      <object_component id="oc-4f4">
         <name>.text</name>
         <load_address>0x10e1a</load_address>
         <run_address>0x10e1a</run_address>
         <size>0x18</size>
         <input_file_ref idref="fl-4d"/>
      </object_component>
      <object_component id="oc-564">
         <name>.text:USB_print</name>
         <load_address>0x10e32</load_address>
         <run_address>0x10e32</run_address>
         <size>0x16</size>
         <input_file_ref idref="fl-5"/>
      </object_component>
      <object_component id="oc-4ed">
         <name>.text:USB_println</name>
         <load_address>0x10e48</load_address>
         <run_address>0x10e48</run_address>
         <size>0x16</size>
         <input_file_ref idref="fl-5"/>
      </object_component>
      <object_component id="oc-594">
         <name>.text</name>
         <load_address>0x10e5e</load_address>
         <run_address>0x10e5e</run_address>
         <size>0x16</size>
         <input_file_ref idref="fl-2e"/>
      </object_component>
      <object_component id="oc-3cc">
         <name>.text:memcpy</name>
         <load_address>0x10e74</load_address>
         <run_address>0x10e74</run_address>
         <size>0x14</size>
         <input_file_ref idref="fl-49"/>
      </object_component>
      <object_component id="oc-4ac">
         <name>.text:SAMPLE_enable_interrupt</name>
         <load_address>0x10e88</load_address>
         <run_address>0x10e88</run_address>
         <size>0x10</size>
         <input_file_ref idref="fl-5"/>
      </object_component>
      <object_component id="oc-5d4">
         <name>.text:strlen</name>
         <load_address>0x10e98</load_address>
         <run_address>0x10e98</run_address>
         <size>0xe</size>
         <input_file_ref idref="fl-54"/>
      </object_component>
      <object_component id="oc-55d">
         <name>.text:USB_transmit_byte</name>
         <load_address>0x10ea6</load_address>
         <run_address>0x10ea6</run_address>
         <size>0xc</size>
         <input_file_ref idref="fl-5"/>
      </object_component>
      <object_component id="oc-4a6">
         <name>.text:PRESSURE_calibrate</name>
         <load_address>0x10eb2</load_address>
         <run_address>0x10eb2</run_address>
         <size>0xa</size>
         <input_file_ref idref="fl-3"/>
      </object_component>
      <object_component id="oc-4d7">
         <name>.text:PRESSURE_get_pressure</name>
         <load_address>0x10ebc</load_address>
         <run_address>0x10ebc</run_address>
         <size>0xa</size>
         <input_file_ref idref="fl-3"/>
      </object_component>
      <object_component id="oc-4de">
         <name>.text:PRESSURE_get_temperature</name>
         <load_address>0x10ec6</load_address>
         <run_address>0x10ec6</run_address>
         <size>0xa</size>
         <input_file_ref idref="fl-3"/>
      </object_component>
      <object_component id="oc-4d1">
         <name>.text:PRESSURE_start_conversion</name>
         <load_address>0x10ed0</load_address>
         <run_address>0x10ed0</run_address>
         <size>0xa</size>
         <input_file_ref idref="fl-3"/>
      </object_component>
      <object_component id="oc-425">
         <name>.text:abort</name>
         <load_address>0x10eda</load_address>
         <run_address>0x10eda</run_address>
         <size>0x6</size>
         <input_file_ref idref="fl-31"/>
      </object_component>
      <object_component id="oc-3fd">
         <name>.text:_system_pre_init</name>
         <load_address>0x10ee0</load_address>
         <run_address>0x10ee0</run_address>
         <size>0x4</size>
         <input_file_ref idref="fl-53"/>
      </object_component>
      <object_component id="oc-46d">
         <name>.text:_system_post_cinit</name>
         <load_address>0x10ee4</load_address>
         <run_address>0x10ee4</run_address>
         <size>0x2</size>
         <input_file_ref idref="fl-5a"/>
      </object_component>
      <object_component id="oc-3e4">
         <name>.text:_isr:USCI_B0_ISR</name>
         <load_address>0x4400</load_address>
         <run_address>0x4400</run_address>
         <size>0xea</size>
         <input_file_ref idref="fl-5"/>
      </object_component>
      <object_component id="oc-3f0">
         <name>.text:_isr:TIMER0_B0_ISR</name>
         <load_address>0x44ea</load_address>
         <run_address>0x44ea</run_address>
         <size>0x24</size>
         <input_file_ref idref="fl-5"/>
      </object_component>
      <object_component id="oc-ad">
         <name>.text:_isr:_c_int00_noargs_noexit</name>
         <load_address>0x450e</load_address>
         <run_address>0x450e</run_address>
         <size>0x1a</size>
         <input_file_ref idref="fl-29"/>
      </object_component>
      <object_component id="oc-3ea">
         <name>.text:_isr:USCI_A0_ISR</name>
         <load_address>0x4528</load_address>
         <run_address>0x4528</run_address>
         <size>0x14</size>
         <input_file_ref idref="fl-5"/>
      </object_component>
      <object_component id="oc-3de">
         <name>.text:_isr:USCI_A1_ISR</name>
         <load_address>0x453c</load_address>
         <run_address>0x453c</run_address>
         <size>0x14</size>
         <input_file_ref idref="fl-5"/>
      </object_component>
      <object_component id="oc-3d9">
         <name>.text:_isr:__TI_ISR_TRAP</name>
         <load_address>0x4550</load_address>
         <run_address>0x4550</run_address>
         <size>0x8</size>
         <input_file_ref idref="fl-45"/>
      </object_component>
      <object_component id="oc-648">
         <name>.cinit..bss.load</name>
         <load_address>0x455c</load_address>
         <run_address>0x455c</run_address>
         <size>0x6</size>
      </object_component>
      <object_component id="oc-646">
         <name>__TI_handler_table</name>
         <load_address>0x4562</load_address>
         <run_address>0x4562</run_address>
         <size>0x4</size>
      </object_component>
      <object_component id="oc-647">
         <name>__TI_cinit_table</name>
         <load_address>0x4566</load_address>
         <run_address>0x4566</run_address>
         <size>0x8</size>
      </object_component>
      <object_component id="oc-4e5">
         <name>.const:.string</name>
         <load_address>0x4558</load_address>
         <run_address>0x4558</run_address>
         <size>0x4</size>
         <input_file_ref idref="fl-6"/>
      </object_component>
      <object_component id="oc-5e0">
         <name>.binit</name>
         <load_address>0x4400</load_address>
         <run_address>0x4400</run_address>
         <size>0x0</size>
      </object_component>
      <object_component id="oc-79">
         <name>.int41</name>
         <load_address>0xffd2</load_address>
         <run_address>0xffd2</run_address>
         <size>0x2</size>
         <input_file_ref idref="fl-33"/>
      </object_component>
      <object_component id="oc-7a">
         <name>.int42</name>
         <load_address>0xffd4</load_address>
         <run_address>0xffd4</run_address>
         <size>0x2</size>
         <input_file_ref idref="fl-34"/>
      </object_component>
      <object_component id="oc-7b">
         <name>.int43</name>
         <load_address>0xffd6</load_address>
         <run_address>0xffd6</run_address>
         <size>0x2</size>
         <input_file_ref idref="fl-35"/>
      </object_component>
      <object_component id="oc-7c">
         <name>.int44</name>
         <load_address>0xffd8</load_address>
         <run_address>0xffd8</run_address>
         <size>0x2</size>
         <input_file_ref idref="fl-36"/>
      </object_component>
      <object_component id="oc-7d">
         <name>.int45</name>
         <load_address>0xffda</load_address>
         <run_address>0xffda</run_address>
         <size>0x2</size>
         <input_file_ref idref="fl-37"/>
      </object_component>
      <object_component id="oc-7e">
         <name>.int46</name>
         <load_address>0xffdc</load_address>
         <run_address>0xffdc</run_address>
         <size>0x2</size>
         <input_file_ref idref="fl-5"/>
      </object_component>
      <object_component id="oc-7f">
         <name>.int47</name>
         <load_address>0xffde</load_address>
         <run_address>0xffde</run_address>
         <size>0x2</size>
         <input_file_ref idref="fl-38"/>
      </object_component>
      <object_component id="oc-80">
         <name>.int48</name>
         <load_address>0xffe0</load_address>
         <run_address>0xffe0</run_address>
         <size>0x2</size>
         <input_file_ref idref="fl-39"/>
      </object_component>
      <object_component id="oc-81">
         <name>.int49</name>
         <load_address>0xffe2</load_address>
         <run_address>0xffe2</run_address>
         <size>0x2</size>
         <input_file_ref idref="fl-3a"/>
      </object_component>
      <object_component id="oc-82">
         <name>.int50</name>
         <load_address>0xffe4</load_address>
         <run_address>0xffe4</run_address>
         <size>0x2</size>
         <input_file_ref idref="fl-3b"/>
      </object_component>
      <object_component id="oc-83">
         <name>.int51</name>
         <load_address>0xffe6</load_address>
         <run_address>0xffe6</run_address>
         <size>0x2</size>
         <input_file_ref idref="fl-3c"/>
      </object_component>
      <object_component id="oc-84">
         <name>.int52</name>
         <load_address>0xffe8</load_address>
         <run_address>0xffe8</run_address>
         <size>0x2</size>
         <input_file_ref idref="fl-3d"/>
      </object_component>
      <object_component id="oc-85">
         <name>.int53</name>
         <load_address>0xffea</load_address>
         <run_address>0xffea</run_address>
         <size>0x2</size>
         <input_file_ref idref="fl-3e"/>
      </object_component>
      <object_component id="oc-86">
         <name>.int54</name>
         <load_address>0xffec</load_address>
         <run_address>0xffec</run_address>
         <size>0x2</size>
         <input_file_ref idref="fl-3f"/>
      </object_component>
      <object_component id="oc-87">
         <name>.int55</name>
         <load_address>0xffee</load_address>
         <run_address>0xffee</run_address>
         <size>0x2</size>
         <input_file_ref idref="fl-5"/>
      </object_component>
      <object_component id="oc-88">
         <name>.int56</name>
         <load_address>0xfff0</load_address>
         <run_address>0xfff0</run_address>
         <size>0x2</size>
         <input_file_ref idref="fl-5"/>
      </object_component>
      <object_component id="oc-89">
         <name>.int57</name>
         <load_address>0xfff2</load_address>
         <run_address>0xfff2</run_address>
         <size>0x2</size>
         <input_file_ref idref="fl-40"/>
      </object_component>
      <object_component id="oc-8a">
         <name>.int58</name>
         <load_address>0xfff4</load_address>
         <run_address>0xfff4</run_address>
         <size>0x2</size>
         <input_file_ref idref="fl-41"/>
      </object_component>
      <object_component id="oc-8b">
         <name>.int59</name>
         <load_address>0xfff6</load_address>
         <run_address>0xfff6</run_address>
         <size>0x2</size>
         <input_file_ref idref="fl-5"/>
      </object_component>
      <object_component id="oc-8c">
         <name>.int60</name>
         <load_address>0xfff8</load_address>
         <run_address>0xfff8</run_address>
         <size>0x2</size>
         <input_file_ref idref="fl-42"/>
      </object_component>
      <object_component id="oc-8d">
         <name>.int61</name>
         <load_address>0xfffa</load_address>
         <run_address>0xfffa</run_address>
         <size>0x2</size>
         <input_file_ref idref="fl-43"/>
      </object_component>
      <object_component id="oc-8e">
         <name>.int62</name>
         <load_address>0xfffc</load_address>
         <run_address>0xfffc</run_address>
         <size>0x2</size>
         <input_file_ref idref="fl-44"/>
      </object_component>
      <object_component id="oc-3c0">
         <name>.reset</name>
         <load_address>0xfffe</load_address>
         <run_address>0xfffe</run_address>
         <size>0x2</size>
         <input_file_ref idref="fl-28"/>
      </object_component>
      <object_component id="oc-457">
         <name>.debug_info</name>
         <load_address>0x0</load_address>
         <run_address>0x0</run_address>
         <size>0x2e2</size>
         <input_file_ref idref="fl-2"/>
      </object_component>
      <object_component id="oc-59c">
         <name>.debug_info</name>
         <load_address>0x2e2</load_address>
         <run_address>0x2e2</run_address>
         <size>0x197</size>
         <input_file_ref idref="fl-2"/>
      </object_component>
      <object_component id="oc-5c2">
         <name>.debug_info</name>
         <load_address>0x479</load_address>
         <run_address>0x479</run_address>
         <size>0x16d</size>
         <input_file_ref idref="fl-2"/>
      </object_component>
      <object_component id="oc-558">
         <name>.debug_info</name>
         <load_address>0x5e6</load_address>
         <run_address>0x5e6</run_address>
         <size>0x1a2</size>
         <input_file_ref idref="fl-2"/>
      </object_component>
      <object_component id="oc-4c8">
         <name>.debug_info</name>
         <load_address>0x788</load_address>
         <run_address>0x788</run_address>
         <size>0xc8</size>
         <input_file_ref idref="fl-2"/>
      </object_component>
      <object_component id="oc-3c7">
         <name>.debug_info</name>
         <load_address>0x850</load_address>
         <run_address>0x850</run_address>
         <size>0x84</size>
         <input_file_ref idref="fl-2"/>
      </object_component>
      <object_component id="oc-459">
         <name>.debug_info</name>
         <load_address>0x8d4</load_address>
         <run_address>0x8d4</run_address>
         <size>0x36b</size>
         <input_file_ref idref="fl-3"/>
      </object_component>
      <object_component id="oc-532">
         <name>.debug_info</name>
         <load_address>0xc3f</load_address>
         <run_address>0xc3f</run_address>
         <size>0x147</size>
         <input_file_ref idref="fl-3"/>
      </object_component>
      <object_component id="oc-538">
         <name>.debug_info</name>
         <load_address>0xd86</load_address>
         <run_address>0xd86</run_address>
         <size>0x1a5</size>
         <input_file_ref idref="fl-3"/>
      </object_component>
      <object_component id="oc-547">
         <name>.debug_info</name>
         <load_address>0xf2b</load_address>
         <run_address>0xf2b</run_address>
         <size>0x1e9</size>
         <input_file_ref idref="fl-3"/>
      </object_component>
      <object_component id="oc-54d">
         <name>.debug_info</name>
         <load_address>0x1114</load_address>
         <run_address>0x1114</run_address>
         <size>0x2e5</size>
         <input_file_ref idref="fl-3"/>
      </object_component>
      <object_component id="oc-4a7">
         <name>.debug_info</name>
         <load_address>0x13f9</load_address>
         <run_address>0x13f9</run_address>
         <size>0x173</size>
         <input_file_ref idref="fl-3"/>
      </object_component>
      <object_component id="oc-4d2">
         <name>.debug_info</name>
         <load_address>0x156c</load_address>
         <run_address>0x156c</run_address>
         <size>0x17d</size>
         <input_file_ref idref="fl-3"/>
      </object_component>
      <object_component id="oc-4d8">
         <name>.debug_info</name>
         <load_address>0x16e9</load_address>
         <run_address>0x16e9</run_address>
         <size>0x149</size>
         <input_file_ref idref="fl-3"/>
      </object_component>
      <object_component id="oc-4e0">
         <name>.debug_info</name>
         <load_address>0x1832</load_address>
         <run_address>0x1832</run_address>
         <size>0x14f</size>
         <input_file_ref idref="fl-3"/>
      </object_component>
      <object_component id="oc-49c">
         <name>.debug_info</name>
         <load_address>0x1981</load_address>
         <run_address>0x1981</run_address>
         <size>0x13a</size>
         <input_file_ref idref="fl-4"/>
      </object_component>
      <object_component id="oc-4b9">
         <name>.debug_info</name>
         <load_address>0x1abb</load_address>
         <run_address>0x1abb</run_address>
         <size>0x1c4</size>
         <input_file_ref idref="fl-4"/>
      </object_component>
      <object_component id="oc-449">
         <name>.debug_info</name>
         <load_address>0x1c7f</load_address>
         <run_address>0x1c7f</run_address>
         <size>0x88c</size>
         <input_file_ref idref="fl-5"/>
      </object_component>
      <object_component id="oc-3eb">
         <name>.debug_info</name>
         <load_address>0x250b</load_address>
         <run_address>0x250b</run_address>
         <size>0x12f</size>
         <input_file_ref idref="fl-5"/>
      </object_component>
      <object_component id="oc-495">
         <name>.debug_info</name>
         <load_address>0x263a</load_address>
         <run_address>0x263a</run_address>
         <size>0x148</size>
         <input_file_ref idref="fl-5"/>
      </object_component>
      <object_component id="oc-55e">
         <name>.debug_info</name>
         <load_address>0x2782</load_address>
         <run_address>0x2782</run_address>
         <size>0x15c</size>
         <input_file_ref idref="fl-5"/>
      </object_component>
      <object_component id="oc-4b3">
         <name>.debug_info</name>
         <load_address>0x28de</load_address>
         <run_address>0x28de</run_address>
         <size>0x15b</size>
         <input_file_ref idref="fl-5"/>
      </object_component>
      <object_component id="oc-565">
         <name>.debug_info</name>
         <load_address>0x2a39</load_address>
         <run_address>0x2a39</run_address>
         <size>0x16f</size>
         <input_file_ref idref="fl-5"/>
      </object_component>
      <object_component id="oc-4ee">
         <name>.debug_info</name>
         <load_address>0x2ba8</load_address>
         <run_address>0x2ba8</run_address>
         <size>0x186</size>
         <input_file_ref idref="fl-5"/>
      </object_component>
      <object_component id="oc-4e7">
         <name>.debug_info</name>
         <load_address>0x2d2e</load_address>
         <run_address>0x2d2e</run_address>
         <size>0x1ef</size>
         <input_file_ref idref="fl-5"/>
      </object_component>
      <object_component id="oc-3df">
         <name>.debug_info</name>
         <load_address>0x2f1d</load_address>
         <run_address>0x2f1d</run_address>
         <size>0x132</size>
         <input_file_ref idref="fl-5"/>
      </object_component>
      <object_component id="oc-48f">
         <name>.debug_info</name>
         <load_address>0x304f</load_address>
         <run_address>0x304f</run_address>
         <size>0x169</size>
         <input_file_ref idref="fl-5"/>
      </object_component>
      <object_component id="oc-580">
         <name>.debug_info</name>
         <load_address>0x31b8</load_address>
         <run_address>0x31b8</run_address>
         <size>0x209</size>
         <input_file_ref idref="fl-5"/>
      </object_component>
      <object_component id="oc-588">
         <name>.debug_info</name>
         <load_address>0x33c1</load_address>
         <run_address>0x33c1</run_address>
         <size>0x1fb</size>
         <input_file_ref idref="fl-5"/>
      </object_component>
      <object_component id="oc-3e5">
         <name>.debug_info</name>
         <load_address>0x35bc</load_address>
         <run_address>0x35bc</run_address>
         <size>0x132</size>
         <input_file_ref idref="fl-5"/>
      </object_component>
      <object_component id="oc-4a1">
         <name>.debug_info</name>
         <load_address>0x36ee</load_address>
         <run_address>0x36ee</run_address>
         <size>0x1a8</size>
         <input_file_ref idref="fl-5"/>
      </object_component>
      <object_component id="oc-4ad">
         <name>.debug_info</name>
         <load_address>0x3896</load_address>
         <run_address>0x3896</run_address>
         <size>0x149</size>
         <input_file_ref idref="fl-5"/>
      </object_component>
      <object_component id="oc-3f1">
         <name>.debug_info</name>
         <load_address>0x39df</load_address>
         <run_address>0x39df</run_address>
         <size>0x14b</size>
         <input_file_ref idref="fl-5"/>
      </object_component>
      <object_component id="oc-45b">
         <name>.debug_info</name>
         <load_address>0x3b2a</load_address>
         <run_address>0x3b2a</run_address>
         <size>0x486</size>
         <input_file_ref idref="fl-6"/>
      </object_component>
      <object_component id="oc-461">
         <name>.debug_info</name>
         <load_address>0x3fb0</load_address>
         <run_address>0x3fb0</run_address>
         <size>0x1d1</size>
         <input_file_ref idref="fl-6"/>
      </object_component>
      <object_component id="oc-421">
         <name>.debug_info</name>
         <load_address>0x4181</load_address>
         <run_address>0x4181</run_address>
         <size>0x2e7</size>
         <input_file_ref idref="fl-6"/>
      </object_component>
      <object_component id="oc-5b0">
         <name>.debug_info</name>
         <load_address>0x4468</load_address>
         <run_address>0x4468</run_address>
         <size>0x11e</size>
         <input_file_ref idref="fl-27"/>
      </object_component>
      <object_component id="oc-3be">
         <name>.debug_info</name>
         <load_address>0x4586</load_address>
         <run_address>0x4586</run_address>
         <size>0xf5</size>
         <input_file_ref idref="fl-28"/>
      </object_component>
      <object_component id="oc-b1">
         <name>.debug_info</name>
         <load_address>0x467b</load_address>
         <run_address>0x467b</run_address>
         <size>0x196</size>
         <input_file_ref idref="fl-29"/>
      </object_component>
      <object_component id="oc-3fc">
         <name>.debug_info</name>
         <load_address>0x4811</load_address>
         <run_address>0x4811</run_address>
         <size>0x174</size>
         <input_file_ref idref="fl-2c"/>
      </object_component>
      <object_component id="oc-92">
         <name>.debug_info</name>
         <load_address>0x4985</load_address>
         <run_address>0x4985</run_address>
         <size>0x1ba</size>
         <input_file_ref idref="fl-2c"/>
      </object_component>
      <object_component id="oc-3f7">
         <name>.debug_info</name>
         <load_address>0x4b3f</load_address>
         <run_address>0x4b3f</run_address>
         <size>0x46</size>
         <input_file_ref idref="fl-2c"/>
      </object_component>
      <object_component id="oc-543">
         <name>.debug_info</name>
         <load_address>0x4b85</load_address>
         <run_address>0x4b85</run_address>
         <size>0x12d</size>
         <input_file_ref idref="fl-2d"/>
      </object_component>
      <object_component id="oc-596">
         <name>.debug_info</name>
         <load_address>0x4cb2</load_address>
         <run_address>0x4cb2</run_address>
         <size>0x119</size>
         <input_file_ref idref="fl-2e"/>
      </object_component>
      <object_component id="oc-52e">
         <name>.debug_info</name>
         <load_address>0x4dcb</load_address>
         <run_address>0x4dcb</run_address>
         <size>0x130</size>
         <input_file_ref idref="fl-2f"/>
      </object_component>
      <object_component id="oc-57c">
         <name>.debug_info</name>
         <load_address>0x4efb</load_address>
         <run_address>0x4efb</run_address>
         <size>0x11b</size>
         <input_file_ref idref="fl-30"/>
      </object_component>
      <object_component id="oc-429">
         <name>.debug_info</name>
         <load_address>0x5016</load_address>
         <run_address>0x5016</run_address>
         <size>0x117</size>
         <input_file_ref idref="fl-31"/>
      </object_component>
      <object_component id="oc-3db">
         <name>.debug_info</name>
         <load_address>0x512d</load_address>
         <run_address>0x512d</run_address>
         <size>0x107</size>
         <input_file_ref idref="fl-45"/>
      </object_component>
      <object_component id="oc-529">
         <name>.debug_info</name>
         <load_address>0x5234</load_address>
         <run_address>0x5234</run_address>
         <size>0x11e</size>
         <input_file_ref idref="fl-46"/>
      </object_component>
      <object_component id="oc-5aa">
         <name>.debug_info</name>
         <load_address>0x5352</load_address>
         <run_address>0x5352</run_address>
         <size>0x11e</size>
         <input_file_ref idref="fl-47"/>
      </object_component>
      <object_component id="oc-5bd">
         <name>.debug_info</name>
         <load_address>0x5470</load_address>
         <run_address>0x5470</run_address>
         <size>0x17d</size>
         <input_file_ref idref="fl-48"/>
      </object_component>
      <object_component id="oc-43a">
         <name>.debug_info</name>
         <load_address>0x55ed</load_address>
         <run_address>0x55ed</run_address>
         <size>0x17c</size>
         <input_file_ref idref="fl-49"/>
      </object_component>
      <object_component id="oc-3cd">
         <name>.debug_info</name>
         <load_address>0x5769</load_address>
         <run_address>0x5769</run_address>
         <size>0x191</size>
         <input_file_ref idref="fl-49"/>
      </object_component>
      <object_component id="oc-43b">
         <name>.debug_info</name>
         <load_address>0x58fa</load_address>
         <run_address>0x58fa</run_address>
         <size>0x2c</size>
         <input_file_ref idref="fl-49"/>
      </object_component>
      <object_component id="oc-4f7">
         <name>.debug_info</name>
         <load_address>0x5926</load_address>
         <run_address>0x5926</run_address>
         <size>0x128</size>
         <input_file_ref idref="fl-4d"/>
      </object_component>
      <object_component id="oc-5a6">
         <name>.debug_info</name>
         <load_address>0x5a4e</load_address>
         <run_address>0x5a4e</run_address>
         <size>0x128</size>
         <input_file_ref idref="fl-50"/>
      </object_component>
      <object_component id="oc-5b8">
         <name>.debug_info</name>
         <load_address>0x5b76</load_address>
         <run_address>0x5b76</run_address>
         <size>0x12a</size>
         <input_file_ref idref="fl-52"/>
      </object_component>
      <object_component id="oc-400">
         <name>.debug_info</name>
         <load_address>0x5ca0</load_address>
         <run_address>0x5ca0</run_address>
         <size>0x148</size>
         <input_file_ref idref="fl-53"/>
      </object_component>
      <object_component id="oc-5dc">
         <name>.debug_info</name>
         <load_address>0x5de8</load_address>
         <run_address>0x5de8</run_address>
         <size>0x15c</size>
         <input_file_ref idref="fl-54"/>
      </object_component>
      <object_component id="oc-5d8">
         <name>.debug_info</name>
         <load_address>0x5f44</load_address>
         <run_address>0x5f44</run_address>
         <size>0x215</size>
         <input_file_ref idref="fl-54"/>
      </object_component>
      <object_component id="oc-479">
         <name>.debug_info</name>
         <load_address>0x6159</load_address>
         <run_address>0x6159</run_address>
         <size>0x3f5</size>
         <input_file_ref idref="fl-57"/>
      </object_component>
      <object_component id="oc-405">
         <name>.debug_info</name>
         <load_address>0x654e</load_address>
         <run_address>0x654e</run_address>
         <size>0x21e</size>
         <input_file_ref idref="fl-57"/>
      </object_component>
      <object_component id="oc-4fe">
         <name>.debug_info</name>
         <load_address>0x676c</load_address>
         <run_address>0x676c</run_address>
         <size>0x39</size>
         <input_file_ref idref="fl-57"/>
      </object_component>
      <object_component id="oc-474">
         <name>.debug_info</name>
         <load_address>0x67a5</load_address>
         <run_address>0x67a5</run_address>
         <size>0x2c</size>
         <input_file_ref idref="fl-57"/>
      </object_component>
      <object_component id="oc-503">
         <name>.debug_info</name>
         <load_address>0x67d1</load_address>
         <run_address>0x67d1</run_address>
         <size>0xcd</size>
         <input_file_ref idref="fl-57"/>
      </object_component>
      <object_component id="oc-4fa">
         <name>.debug_info</name>
         <load_address>0x689e</load_address>
         <run_address>0x689e</run_address>
         <size>0x266</size>
         <input_file_ref idref="fl-58"/>
      </object_component>
      <object_component id="oc-468">
         <name>.debug_info</name>
         <load_address>0x6b04</load_address>
         <run_address>0x6b04</run_address>
         <size>0x1b0</size>
         <input_file_ref idref="fl-58"/>
      </object_component>
      <object_component id="oc-56e">
         <name>.debug_info</name>
         <load_address>0x6cb4</load_address>
         <run_address>0x6cb4</run_address>
         <size>0x2c</size>
         <input_file_ref idref="fl-58"/>
      </object_component>
      <object_component id="oc-470">
         <name>.debug_info</name>
         <load_address>0x6ce0</load_address>
         <run_address>0x6ce0</run_address>
         <size>0x145</size>
         <input_file_ref idref="fl-5a"/>
      </object_component>
      <object_component id="oc-64c">
         <name>.debug_info</name>
         <load_address>0x6e25</load_address>
         <run_address>0x6e25</run_address>
         <size>0xbe</size>
      </object_component>
      <object_component id="oc-4c7">
         <name>.debug_line</name>
         <load_address>0x0</load_address>
         <run_address>0x0</run_address>
         <size>0xfc</size>
         <input_file_ref idref="fl-2"/>
      </object_component>
      <object_component id="oc-59b">
         <name>.debug_line</name>
         <load_address>0xfc</load_address>
         <run_address>0xfc</run_address>
         <size>0x52</size>
         <input_file_ref idref="fl-2"/>
      </object_component>
      <object_component id="oc-5c5">
         <name>.debug_line</name>
         <load_address>0x14e</load_address>
         <run_address>0x14e</run_address>
         <size>0x55</size>
         <input_file_ref idref="fl-2"/>
      </object_component>
      <object_component id="oc-55c">
         <name>.debug_line</name>
         <load_address>0x1a3</load_address>
         <run_address>0x1a3</run_address>
         <size>0x60</size>
         <input_file_ref idref="fl-2"/>
      </object_component>
      <object_component id="oc-4cb">
         <name>.debug_line</name>
         <load_address>0x203</load_address>
         <run_address>0x203</run_address>
         <size>0x67</size>
         <input_file_ref idref="fl-2"/>
      </object_component>
      <object_component id="oc-3ca">
         <name>.debug_line</name>
         <load_address>0x26a</load_address>
         <run_address>0x26a</run_address>
         <size>0x20</size>
         <input_file_ref idref="fl-2"/>
      </object_component>
      <object_component id="oc-4ce">
         <name>.debug_line</name>
         <load_address>0x28a</load_address>
         <run_address>0x28a</run_address>
         <size>0xa7</size>
         <input_file_ref idref="fl-3"/>
      </object_component>
      <object_component id="oc-536">
         <name>.debug_line</name>
         <load_address>0x331</load_address>
         <run_address>0x331</run_address>
         <size>0x4a</size>
         <input_file_ref idref="fl-3"/>
      </object_component>
      <object_component id="oc-53b">
         <name>.debug_line</name>
         <load_address>0x37b</load_address>
         <run_address>0x37b</run_address>
         <size>0x55</size>
         <input_file_ref idref="fl-3"/>
      </object_component>
      <object_component id="oc-54b">
         <name>.debug_line</name>
         <load_address>0x3d0</load_address>
         <run_address>0x3d0</run_address>
         <size>0x51</size>
         <input_file_ref idref="fl-3"/>
      </object_component>
      <object_component id="oc-551">
         <name>.debug_line</name>
         <load_address>0x421</load_address>
         <run_address>0x421</run_address>
         <size>0x64</size>
         <input_file_ref idref="fl-3"/>
      </object_component>
      <object_component id="oc-4ab">
         <name>.debug_line</name>
         <load_address>0x485</load_address>
         <run_address>0x485</run_address>
         <size>0x4b</size>
         <input_file_ref idref="fl-3"/>
      </object_component>
      <object_component id="oc-4d6">
         <name>.debug_line</name>
         <load_address>0x4d0</load_address>
         <run_address>0x4d0</run_address>
         <size>0x4b</size>
         <input_file_ref idref="fl-3"/>
      </object_component>
      <object_component id="oc-4dc">
         <name>.debug_line</name>
         <load_address>0x51b</load_address>
         <run_address>0x51b</run_address>
         <size>0x4a</size>
         <input_file_ref idref="fl-3"/>
      </object_component>
      <object_component id="oc-4e3">
         <name>.debug_line</name>
         <load_address>0x565</load_address>
         <run_address>0x565</run_address>
         <size>0x4a</size>
         <input_file_ref idref="fl-3"/>
      </object_component>
      <object_component id="oc-49f">
         <name>.debug_line</name>
         <load_address>0x5af</load_address>
         <run_address>0x5af</run_address>
         <size>0x60</size>
         <input_file_ref idref="fl-4"/>
      </object_component>
      <object_component id="oc-4bd">
         <name>.debug_line</name>
         <load_address>0x60f</load_address>
         <run_address>0x60f</run_address>
         <size>0x92</size>
         <input_file_ref idref="fl-4"/>
      </object_component>
      <object_component id="oc-4c5">
         <name>.debug_line</name>
         <load_address>0x6a1</load_address>
         <run_address>0x6a1</run_address>
         <size>0xdb</size>
         <input_file_ref idref="fl-5"/>
      </object_component>
      <object_component id="oc-3ee">
         <name>.debug_line</name>
         <load_address>0x77c</load_address>
         <run_address>0x77c</run_address>
         <size>0x4d</size>
         <input_file_ref idref="fl-5"/>
      </object_component>
      <object_component id="oc-499">
         <name>.debug_line</name>
         <load_address>0x7c9</load_address>
         <run_address>0x7c9</run_address>
         <size>0x7a</size>
         <input_file_ref idref="fl-5"/>
      </object_component>
      <object_component id="oc-561">
         <name>.debug_line</name>
         <load_address>0x843</load_address>
         <run_address>0x843</run_address>
         <size>0x4c</size>
         <input_file_ref idref="fl-5"/>
      </object_component>
      <object_component id="oc-4b7">
         <name>.debug_line</name>
         <load_address>0x88f</load_address>
         <run_address>0x88f</run_address>
         <size>0x4d</size>
         <input_file_ref idref="fl-5"/>
      </object_component>
      <object_component id="oc-569">
         <name>.debug_line</name>
         <load_address>0x8dc</load_address>
         <run_address>0x8dc</run_address>
         <size>0x50</size>
         <input_file_ref idref="fl-5"/>
      </object_component>
      <object_component id="oc-4f2">
         <name>.debug_line</name>
         <load_address>0x92c</load_address>
         <run_address>0x92c</run_address>
         <size>0x4b</size>
         <input_file_ref idref="fl-5"/>
      </object_component>
      <object_component id="oc-4eb">
         <name>.debug_line</name>
         <load_address>0x977</load_address>
         <run_address>0x977</run_address>
         <size>0x59</size>
         <input_file_ref idref="fl-5"/>
      </object_component>
      <object_component id="oc-3e3">
         <name>.debug_line</name>
         <load_address>0x9d0</load_address>
         <run_address>0x9d0</run_address>
         <size>0x4d</size>
         <input_file_ref idref="fl-5"/>
      </object_component>
      <object_component id="oc-493">
         <name>.debug_line</name>
         <load_address>0xa1d</load_address>
         <run_address>0xa1d</run_address>
         <size>0x5b</size>
         <input_file_ref idref="fl-5"/>
      </object_component>
      <object_component id="oc-584">
         <name>.debug_line</name>
         <load_address>0xa78</load_address>
         <run_address>0xa78</run_address>
         <size>0x52</size>
         <input_file_ref idref="fl-5"/>
      </object_component>
      <object_component id="oc-58c">
         <name>.debug_line</name>
         <load_address>0xaca</load_address>
         <run_address>0xaca</run_address>
         <size>0x58</size>
         <input_file_ref idref="fl-5"/>
      </object_component>
      <object_component id="oc-3e9">
         <name>.debug_line</name>
         <load_address>0xb22</load_address>
         <run_address>0xb22</run_address>
         <size>0x98</size>
         <input_file_ref idref="fl-5"/>
      </object_component>
      <object_component id="oc-4a5">
         <name>.debug_line</name>
         <load_address>0xbba</load_address>
         <run_address>0xbba</run_address>
         <size>0x4f</size>
         <input_file_ref idref="fl-5"/>
      </object_component>
      <object_component id="oc-4b1">
         <name>.debug_line</name>
         <load_address>0xc09</load_address>
         <run_address>0xc09</run_address>
         <size>0x4b</size>
         <input_file_ref idref="fl-5"/>
      </object_component>
      <object_component id="oc-3f5">
         <name>.debug_line</name>
         <load_address>0xc54</load_address>
         <run_address>0xc54</run_address>
         <size>0x54</size>
         <input_file_ref idref="fl-5"/>
      </object_component>
      <object_component id="oc-4d0">
         <name>.debug_line</name>
         <load_address>0xca8</load_address>
         <run_address>0xca8</run_address>
         <size>0xe8</size>
         <input_file_ref idref="fl-6"/>
      </object_component>
      <object_component id="oc-45f">
         <name>.debug_line</name>
         <load_address>0xd90</load_address>
         <run_address>0xd90</run_address>
         <size>0x47</size>
         <input_file_ref idref="fl-6"/>
      </object_component>
      <object_component id="oc-41e">
         <name>.debug_line</name>
         <load_address>0xdd7</load_address>
         <run_address>0xdd7</run_address>
         <size>0x1a0</size>
         <input_file_ref idref="fl-6"/>
      </object_component>
      <object_component id="oc-5b3">
         <name>.debug_line</name>
         <load_address>0xf77</load_address>
         <run_address>0xf77</run_address>
         <size>0x56</size>
         <input_file_ref idref="fl-27"/>
      </object_component>
      <object_component id="oc-432">
         <name>.debug_line</name>
         <load_address>0xfcd</load_address>
         <run_address>0xfcd</run_address>
         <size>0x2a</size>
         <input_file_ref idref="fl-28"/>
      </object_component>
      <object_component id="oc-b0">
         <name>.debug_line</name>
         <load_address>0xff7</load_address>
         <run_address>0xff7</run_address>
         <size>0x4c</size>
         <input_file_ref idref="fl-29"/>
      </object_component>
      <object_component id="oc-465">
         <name>.debug_line</name>
         <load_address>0x1043</load_address>
         <run_address>0x1043</run_address>
         <size>0x20</size>
         <input_file_ref idref="fl-2c"/>
      </object_component>
      <object_component id="oc-91">
         <name>.debug_line</name>
         <load_address>0x1063</load_address>
         <run_address>0x1063</run_address>
         <size>0x4d</size>
         <input_file_ref idref="fl-2c"/>
      </object_component>
      <object_component id="oc-3fa">
         <name>.debug_line</name>
         <load_address>0x10b0</load_address>
         <run_address>0x10b0</run_address>
         <size>0x34</size>
         <input_file_ref idref="fl-2c"/>
      </object_component>
      <object_component id="oc-542">
         <name>.debug_line</name>
         <load_address>0x10e4</load_address>
         <run_address>0x10e4</run_address>
         <size>0x4d</size>
         <input_file_ref idref="fl-2d"/>
      </object_component>
      <object_component id="oc-598">
         <name>.debug_line</name>
         <load_address>0x1131</load_address>
         <run_address>0x1131</run_address>
         <size>0x43</size>
         <input_file_ref idref="fl-2e"/>
      </object_component>
      <object_component id="oc-52d">
         <name>.debug_line</name>
         <load_address>0x1174</load_address>
         <run_address>0x1174</run_address>
         <size>0x5a</size>
         <input_file_ref idref="fl-2f"/>
      </object_component>
      <object_component id="oc-57b">
         <name>.debug_line</name>
         <load_address>0x11ce</load_address>
         <run_address>0x11ce</run_address>
         <size>0x64</size>
         <input_file_ref idref="fl-30"/>
      </object_component>
      <object_component id="oc-428">
         <name>.debug_line</name>
         <load_address>0x1232</load_address>
         <run_address>0x1232</run_address>
         <size>0x3d</size>
         <input_file_ref idref="fl-31"/>
      </object_component>
      <object_component id="oc-3da">
         <name>.debug_line</name>
         <load_address>0x126f</load_address>
         <run_address>0x126f</run_address>
         <size>0x3d</size>
         <input_file_ref idref="fl-45"/>
      </object_component>
      <object_component id="oc-527">
         <name>.debug_line</name>
         <load_address>0x12ac</load_address>
         <run_address>0x12ac</run_address>
         <size>0x56</size>
         <input_file_ref idref="fl-46"/>
      </object_component>
      <object_component id="oc-5ad">
         <name>.debug_line</name>
         <load_address>0x1302</load_address>
         <run_address>0x1302</run_address>
         <size>0x56</size>
         <input_file_ref idref="fl-47"/>
      </object_component>
      <object_component id="oc-5bb">
         <name>.debug_line</name>
         <load_address>0x1358</load_address>
         <run_address>0x1358</run_address>
         <size>0x53</size>
         <input_file_ref idref="fl-48"/>
      </object_component>
      <object_component id="oc-4c3">
         <name>.debug_line</name>
         <load_address>0x13ab</load_address>
         <run_address>0x13ab</run_address>
         <size>0x20</size>
         <input_file_ref idref="fl-49"/>
      </object_component>
      <object_component id="oc-3d1">
         <name>.debug_line</name>
         <load_address>0x13cb</load_address>
         <run_address>0x13cb</run_address>
         <size>0x45</size>
         <input_file_ref idref="fl-49"/>
      </object_component>
      <object_component id="oc-43e">
         <name>.debug_line</name>
         <load_address>0x1410</load_address>
         <run_address>0x1410</run_address>
         <size>0x8a</size>
         <input_file_ref idref="fl-49"/>
      </object_component>
      <object_component id="oc-4f5">
         <name>.debug_line</name>
         <load_address>0x149a</load_address>
         <run_address>0x149a</run_address>
         <size>0x46</size>
         <input_file_ref idref="fl-4d"/>
      </object_component>
      <object_component id="oc-5a8">
         <name>.debug_line</name>
         <load_address>0x14e0</load_address>
         <run_address>0x14e0</run_address>
         <size>0x49</size>
         <input_file_ref idref="fl-50"/>
      </object_component>
      <object_component id="oc-5b7">
         <name>.debug_line</name>
         <load_address>0x1529</load_address>
         <run_address>0x1529</run_address>
         <size>0x5a</size>
         <input_file_ref idref="fl-52"/>
      </object_component>
      <object_component id="oc-3ff">
         <name>.debug_line</name>
         <load_address>0x1583</load_address>
         <run_address>0x1583</run_address>
         <size>0x3e</size>
         <input_file_ref idref="fl-53"/>
      </object_component>
      <object_component id="oc-5de">
         <name>.debug_line</name>
         <load_address>0x15c1</load_address>
         <run_address>0x15c1</run_address>
         <size>0x20</size>
         <input_file_ref idref="fl-54"/>
      </object_component>
      <object_component id="oc-5d7">
         <name>.debug_line</name>
         <load_address>0x15e1</load_address>
         <run_address>0x15e1</run_address>
         <size>0xa4</size>
         <input_file_ref idref="fl-54"/>
      </object_component>
      <object_component id="oc-4fd">
         <name>.debug_line</name>
         <load_address>0x1685</load_address>
         <run_address>0x1685</run_address>
         <size>0xbb</size>
         <input_file_ref idref="fl-57"/>
      </object_component>
      <object_component id="oc-408">
         <name>.debug_line</name>
         <load_address>0x1740</load_address>
         <run_address>0x1740</run_address>
         <size>0xa7</size>
         <input_file_ref idref="fl-57"/>
      </object_component>
      <object_component id="oc-501">
         <name>.debug_line</name>
         <load_address>0x17e7</load_address>
         <run_address>0x17e7</run_address>
         <size>0x2e</size>
         <input_file_ref idref="fl-57"/>
      </object_component>
      <object_component id="oc-477">
         <name>.debug_line</name>
         <load_address>0x1815</load_address>
         <run_address>0x1815</run_address>
         <size>0x8a</size>
         <input_file_ref idref="fl-57"/>
      </object_component>
      <object_component id="oc-506">
         <name>.debug_line</name>
         <load_address>0x189f</load_address>
         <run_address>0x189f</run_address>
         <size>0x8b</size>
         <input_file_ref idref="fl-57"/>
      </object_component>
      <object_component id="oc-56d">
         <name>.debug_line</name>
         <load_address>0x192a</load_address>
         <run_address>0x192a</run_address>
         <size>0x98</size>
         <input_file_ref idref="fl-58"/>
      </object_component>
      <object_component id="oc-46b">
         <name>.debug_line</name>
         <load_address>0x19c2</load_address>
         <run_address>0x19c2</run_address>
         <size>0x66</size>
         <input_file_ref idref="fl-58"/>
      </object_component>
      <object_component id="oc-571">
         <name>.debug_line</name>
         <load_address>0x1a28</load_address>
         <run_address>0x1a28</run_address>
         <size>0x2e</size>
         <input_file_ref idref="fl-58"/>
      </object_component>
      <object_component id="oc-472">
         <name>.debug_line</name>
         <load_address>0x1a56</load_address>
         <run_address>0x1a56</run_address>
         <size>0x3a</size>
         <input_file_ref idref="fl-5a"/>
      </object_component>
      <object_component id="oc-59f">
         <name>.debug_frame</name>
         <load_address>0x0</load_address>
         <run_address>0x0</run_address>
         <size>0x39</size>
         <input_file_ref idref="fl-2"/>
      </object_component>
      <object_component id="oc-5c6">
         <name>.debug_frame</name>
         <load_address>0x39</load_address>
         <run_address>0x39</run_address>
         <size>0x42</size>
         <input_file_ref idref="fl-2"/>
      </object_component>
      <object_component id="oc-55b">
         <name>.debug_frame</name>
         <load_address>0x7b</load_address>
         <run_address>0x7b</run_address>
         <size>0x4e</size>
         <input_file_ref idref="fl-2"/>
      </object_component>
      <object_component id="oc-535">
         <name>.debug_frame</name>
         <load_address>0xc9</load_address>
         <run_address>0xc9</run_address>
         <size>0x39</size>
         <input_file_ref idref="fl-3"/>
      </object_component>
      <object_component id="oc-53c">
         <name>.debug_frame</name>
         <load_address>0x102</load_address>
         <run_address>0x102</run_address>
         <size>0x3a</size>
         <input_file_ref idref="fl-3"/>
      </object_component>
      <object_component id="oc-54a">
         <name>.debug_frame</name>
         <load_address>0x13c</load_address>
         <run_address>0x13c</run_address>
         <size>0x3a</size>
         <input_file_ref idref="fl-3"/>
      </object_component>
      <object_component id="oc-550">
         <name>.debug_frame</name>
         <load_address>0x176</load_address>
         <run_address>0x176</run_address>
         <size>0x52</size>
         <input_file_ref idref="fl-3"/>
      </object_component>
      <object_component id="oc-4aa">
         <name>.debug_frame</name>
         <load_address>0x1c8</load_address>
         <run_address>0x1c8</run_address>
         <size>0x39</size>
         <input_file_ref idref="fl-3"/>
      </object_component>
      <object_component id="oc-4d5">
         <name>.debug_frame</name>
         <load_address>0x201</load_address>
         <run_address>0x201</run_address>
         <size>0x39</size>
         <input_file_ref idref="fl-3"/>
      </object_component>
      <object_component id="oc-4db">
         <name>.debug_frame</name>
         <load_address>0x23a</load_address>
         <run_address>0x23a</run_address>
         <size>0x39</size>
         <input_file_ref idref="fl-3"/>
      </object_component>
      <object_component id="oc-4df">
         <name>.debug_frame</name>
         <load_address>0x273</load_address>
         <run_address>0x273</run_address>
         <size>0x39</size>
         <input_file_ref idref="fl-3"/>
      </object_component>
      <object_component id="oc-49b">
         <name>.debug_frame</name>
         <load_address>0x2ac</load_address>
         <run_address>0x2ac</run_address>
         <size>0x3a</size>
         <input_file_ref idref="fl-4"/>
      </object_component>
      <object_component id="oc-4bc">
         <name>.debug_frame</name>
         <load_address>0x2e6</load_address>
         <run_address>0x2e6</run_address>
         <size>0x43</size>
         <input_file_ref idref="fl-4"/>
      </object_component>
      <object_component id="oc-3ef">
         <name>.debug_frame</name>
         <load_address>0x329</load_address>
         <run_address>0x329</run_address>
         <size>0x39</size>
         <input_file_ref idref="fl-5"/>
      </object_component>
      <object_component id="oc-498">
         <name>.debug_frame</name>
         <load_address>0x362</load_address>
         <run_address>0x362</run_address>
         <size>0x3a</size>
         <input_file_ref idref="fl-5"/>
      </object_component>
      <object_component id="oc-562">
         <name>.debug_frame</name>
         <load_address>0x39c</load_address>
         <run_address>0x39c</run_address>
         <size>0x39</size>
         <input_file_ref idref="fl-5"/>
      </object_component>
      <object_component id="oc-4b6">
         <name>.debug_frame</name>
         <load_address>0x3d5</load_address>
         <run_address>0x3d5</run_address>
         <size>0x39</size>
         <input_file_ref idref="fl-5"/>
      </object_component>
      <object_component id="oc-568">
         <name>.debug_frame</name>
         <load_address>0x40e</load_address>
         <run_address>0x40e</run_address>
         <size>0x39</size>
         <input_file_ref idref="fl-5"/>
      </object_component>
      <object_component id="oc-4f1">
         <name>.debug_frame</name>
         <load_address>0x447</load_address>
         <run_address>0x447</run_address>
         <size>0x39</size>
         <input_file_ref idref="fl-5"/>
      </object_component>
      <object_component id="oc-4ea">
         <name>.debug_frame</name>
         <load_address>0x480</load_address>
         <run_address>0x480</run_address>
         <size>0x48</size>
[...]
         <value>0x104b6</value>
         <object_component_ref idref="oc-537"/>
      </symbol>
      <symbol id="sm-3d6">
         <name>PRESSURE_start_conversion</name>
         <value>0x10ed0</value>
         <object_component_ref idref="oc-4d1"/>
      </symbol>
      <symbol id="sm-3d7">
         <name>PRESSURE_get_temperature</name>
         <value>0x10ec6</value>
         <object_component_ref idref="oc-4de"/>
      </symbol>
      <symbol id="sm-3d8">
         <name>PRESSURE_get_pressure</name>
         <value>0x10ebc</value>
         <object_component_ref idref="oc-4d7"/>
      </symbol>
      <symbol id="sm-3f2">
         <name>MOTOR_speed</name>
         <value>0x10590</value>
         <object_component_ref idref="oc-4b8"/>
      </symbol>
      <symbol id="sm-3f3">
         <name>MOTOR_ultra_setup</name>
         <value>0x106dc</value>
         <object_component_ref idref="oc-49a"/>
      </symbol>
      <symbol id="sm-48e">
         <name>uartBuff</name>
         <value>0x244c</value>
      </symbol>
      <symbol id="sm-48f">
         <name>USBBuff</name>
         <value>0x2449</value>
      </symbol>
      <symbol id="sm-490">
         <name>txAddress</name>
         <value>0x244b</value>
      </symbol>
      <symbol id="sm-491">
         <name>txData</name>
         <value>0x2430</value>
      </symbol>
      <symbol id="sm-492">
         <name>rxDest</name>
         <value>0x2428</value>
      </symbol>
      <symbol id="sm-493">
         <name>rxByteCtr</name>
         <value>0x244a</value>
      </symbol>
      <symbol id="sm-494">
         <name>txByteCtr</name>
         <value>0x2444</value>
      </symbol>
      <symbol id="sm-495">
         <name>txLength</name>
         <value>0x2446</value>
      </symbol>
      <symbol id="sm-496">
         <name>rx</name>
         <value>0x2440</value>
      </symbol>
      <symbol id="sm-497">
         <name>USB_setup</name>
         <value>0x1063a</value>
         <object_component_ref idref="oc-494"/>
      </symbol>
      <symbol id="sm-498">
         <name>I2C_read</name>
         <value>0x10ad4</value>
         <object_component_ref idref="oc-587"/>
      </symbol>
      <symbol id="sm-499">
         <name>USB_println</name>
         <value>0x10e48</value>
         <object_component_ref idref="oc-4ed"/>
      </symbol>
      <symbol id="sm-49a">
         <name>__TI_int46</name>
         <value>0xffdc</value>
         <object_component_ref idref="oc-7e"/>
      </symbol>
      <symbol id="sm-49b">
         <name>__TI_int59</name>
         <value>0xfff6</value>
         <object_component_ref idref="oc-8b"/>
      </symbol>
      <symbol id="sm-49c">
         <name>__TI_int56</name>
         <value>0xfff0</value>
         <object_component_ref idref="oc-88"/>
      </symbol>
      <symbol id="sm-49d">
         <name>__TI_int55</name>
         <value>0xffee</value>
         <object_component_ref idref="oc-87"/>
      </symbol>
      <symbol id="sm-49e">
         <name>BT_timeout_setup</name>
         <value>0x10d42</value>
         <object_component_ref idref="oc-4a0"/>
      </symbol>
      <symbol id="sm-49f">
         <name>USCI_A0_ISR</name>
         <value>0x4528</value>
         <object_component_ref idref="oc-3ea"/>
      </symbol>
      <symbol id="sm-4a0">
         <name>USCI_B0_ISR</name>
         <value>0x4400</value>
         <object_component_ref idref="oc-3e4"/>
      </symbol>
      <symbol id="sm-4a1">
         <name>I2C_write</name>
         <value>0x10d0e</value>
         <object_component_ref idref="oc-57f"/>
      </symbol>
      <symbol id="sm-4a2">
         <name>USCI_A1_ISR</name>
         <value>0x453c</value>
         <object_component_ref idref="oc-3de"/>
      </symbol>
      <symbol id="sm-4a3">
         <name>USB_receive_byte</name>
         <value>0x10e02</value>
         <object_component_ref idref="oc-4b2"/>
      </symbol>
      <symbol id="sm-4a4">
         <name>USB_print</name>
         <value>0x10e32</value>
         <object_component_ref idref="oc-564"/>
      </symbol>
      <symbol id="sm-4a5">
         <name>USB_transmit_byte</name>
         <value>0x10ea6</value>
         <object_component_ref idref="oc-55d"/>
      </symbol>
      <symbol id="sm-4a6">
         <name>I2C_setup</name>
         <value>0x1096a</value>
         <object_component_ref idref="oc-48e"/>
      </symbol>
      <symbol id="sm-4a7">
         <name>SAMPLE_enable_interrupt</name>
         <value>0x10e88</value>
         <object_component_ref idref="oc-4ac"/>
      </symbol>
      <symbol id="sm-4a8">
         <name>USB_print_value</name>
         <value>0x10ba6</value>
         <object_component_ref idref="oc-4e6"/>
      </symbol>
      <symbol id="sm-4a9">
         <name>TIMER0_B0_ISR</name>
         <value>0x44ea</value>
         <object_component_ref idref="oc-3f0"/>
      </symbol>
      <symbol id="sm-4d6">
         <name>pressure</name>
         <value>0x2424</value>
      </symbol>
      <symbol id="sm-4d7">
         <name>temp</name>
         <value>0x242c</value>
      </symbol>
      <symbol id="sm-4d8">
         <name>samp</name>
         <value>0x2442</value>
      </symbol>
      <symbol id="sm-4d9">
         <name>main</name>
         <value>0x10000</value>
         <object_component_ref idref="oc-41d"/>
      </symbol>
      <symbol id="sm-4da">
         <name>SAMPLE_measure</name>
         <value>0x10a7e</value>
         <object_component_ref idref="oc-45d"/>
      </symbol>
      <symbol id="sm-4e2">
         <name>__mspabi_sral_15</name>
         <value>0x10be4</value>
         <object_component_ref idref="oc-5af"/>
      </symbol>
      <symbol id="sm-4e3">
         <name>__mspabi_sral_14</name>
         <value>0x10be8</value>
         <object_component_ref idref="oc-5af"/>
      </symbol>
      <symbol id="sm-4e4">
         <name>__mspabi_sral_13</name>
         <value>0x10bec</value>
         <object_component_ref idref="oc-5af"/>
      </symbol>
      <symbol id="sm-4e5">
         <name>__mspabi_sral_12</name>
         <value>0x10bf0</value>
         <object_component_ref idref="oc-5af"/>
      </symbol>
      <symbol id="sm-4e6">
         <name>__mspabi_sral_11</name>
         <value>0x10bf4</value>
         <object_component_ref idref="oc-5af"/>
      </symbol>
      <symbol id="sm-4e7">
         <name>__mspabi_sral_10</name>
         <value>0x10bf8</value>
         <object_component_ref idref="oc-5af"/>
      </symbol>
      <symbol id="sm-4e8">
         <name>__mspabi_sral_8</name>
         <value>0x10c00</value>
         <object_component_ref idref="oc-5af"/>
      </symbol>
      <symbol id="sm-4e9">
         <name>__mspabi_sral_9</name>
         <value>0x10bfc</value>
         <object_component_ref idref="oc-5af"/>
      </symbol>
      <symbol id="sm-4ea">
         <name>__mspabi_sral_6</name>
         <value>0x10c08</value>
         <object_component_ref idref="oc-5af"/>
      </symbol>
      <symbol id="sm-4eb">
         <name>__mspabi_sral_7</name>
         <value>0x10c04</value>
         <object_component_ref idref="oc-5af"/>
      </symbol>
      <symbol id="sm-4ec">
         <name>__mspabi_sral_4</name>
         <value>0x10c10</value>
         <object_component_ref idref="oc-5af"/>
      </symbol>
      <symbol id="sm-4ed">
         <name>__mspabi_sral_5</name>
         <value>0x10c0c</value>
         <object_component_ref idref="oc-5af"/>
      </symbol>
      <symbol id="sm-4ee">
         <name>__mspabi_sral_2</name>
         <value>0x10c18</value>
         <object_component_ref idref="oc-5af"/>
      </symbol>
      <symbol id="sm-4ef">
         <name>__mspabi_sral_3</name>
         <value>0x10c14</value>
         <object_component_ref idref="oc-5af"/>
      </symbol>
      <symbol id="sm-4f0">
         <name>__mspabi_sral_1</name>
         <value>0x10c1c</value>
         <object_component_ref idref="oc-5af"/>
      </symbol>
      <symbol id="sm-4f8">
         <name>_stack</name>
         <value>0x4360</value>
         <object_component_ref idref="oc-3bd"/>
      </symbol>
      <symbol id="sm-4f9">
         <name>_reset_vector</name>
         <value>0xfffe</value>
         <object_component_ref idref="oc-3c0"/>
      </symbol>
      <symbol id="sm-503">
         <name>_c_int00_noargs_noexit</name>
         <value>0x450e</value>
         <object_component_ref idref="oc-ad"/>
      </symbol>
      <symbol id="sm-518">
         <name>__TI_zero_init</name>
         <value>0x10d9a</value>
         <object_component_ref idref="oc-8f"/>
      </symbol>
      <symbol id="sm-524">
         <name>__mspabi_remi</name>
         <value>0x10d6e</value>
         <object_component_ref idref="oc-540"/>
      </symbol>
      <symbol id="sm-525">
         <name>__mspabi_divi</name>
         <value>0x10d6e</value>
         <object_component_ref idref="oc-540"/>
      </symbol>
      <symbol id="sm-52f">
         <name>__mspabi_remu</name>
         <value>0x10e5e</value>
         <object_component_ref idref="oc-594"/>
      </symbol>
      <symbol id="sm-530">
         <name>__mspabi_divu</name>
         <value>0x10e5e</value>
         <object_component_ref idref="oc-594"/>
      </symbol>
      <symbol id="sm-53c">
         <name>__mspabi_remli</name>
         <value>0x10b66</value>
         <object_component_ref idref="oc-52b"/>
      </symbol>
      <symbol id="sm-53d">
         <name>__mspabi_divli</name>
         <value>0x10b66</value>
         <object_component_ref idref="oc-52b"/>
      </symbol>
      <symbol id="sm-54b">
         <name>__mspabi_remul</name>
         <value>0x10a26</value>
         <object_component_ref idref="oc-579"/>
      </symbol>
      <symbol id="sm-54c">
         <name>__mspabi_divul</name>
         <value>0x10a26</value>
         <object_component_ref idref="oc-579"/>
      </symbol>
      <symbol id="sm-556">
         <name>C$$EXIT</name>
         <value>0x10eda</value>
         <object_component_ref idref="oc-425"/>
      </symbol>
      <symbol id="sm-557">
         <name>abort</name>
         <value>0x10eda</value>
         <object_component_ref idref="oc-425"/>
      </symbol>
      <symbol id="sm-55b">
         <name>__TI_int41</name>
         <value>0xffd2</value>
         <object_component_ref idref="oc-79"/>
      </symbol>
      <symbol id="sm-55e">
         <name>__TI_int42</name>
         <value>0xffd4</value>
         <object_component_ref idref="oc-7a"/>
      </symbol>
      <symbol id="sm-561">
         <name>__TI_int43</name>
         <value>0xffd6</value>
         <object_component_ref idref="oc-7b"/>
      </symbol>
      <symbol id="sm-564">
         <name>__TI_int44</name>
         <value>0xffd8</value>
         <object_component_ref idref="oc-7c"/>
      </symbol>
      <symbol id="sm-567">
         <name>__TI_int45</name>
         <value>0xffda</value>
         <object_component_ref idref="oc-7d"/>
      </symbol>
      <symbol id="sm-56a">
         <name>__TI_int47</name>
         <value>0xffde</value>
         <object_component_ref idref="oc-7f"/>
      </symbol>
      <symbol id="sm-56d">
         <name>__TI_int48</name>
         <value>0xffe0</value>
         <object_component_ref idref="oc-80"/>
      </symbol>
      <symbol id="sm-570">
         <name>__TI_int49</name>
         <value>0xffe2</value>
         <object_component_ref idref="oc-81"/>
      </symbol>
      <symbol id="sm-573">
         <name>__TI_int50</name>
         <value>0xffe4</value>
         <object_component_ref idref="oc-82"/>
      </symbol>
      <symbol id="sm-576">
         <name>__TI_int51</name>
         <value>0xffe6</value>
         <object_component_ref idref="oc-83"/>
      </symbol>
      <symbol id="sm-579">
         <name>__TI_int52</name>
         <value>0xffe8</value>
         <object_component_ref idref="oc-84"/>
      </symbol>
      <symbol id="sm-57c">
         <name>__TI_int53</name>
         <value>0xffea</value>
         <object_component_ref idref="oc-85"/>
      </symbol>
      <symbol id="sm-57f">
         <name>__TI_int54</name>
         <value>0xffec</value>
         <object_component_ref idref="oc-86"/>
      </symbol>
      <symbol id="sm-582">
         <name>__TI_int57</name>
         <value>0xfff2</value>
         <object_component_ref idref="oc-89"/>
      </symbol>
      <symbol id="sm-585">
         <name>__TI_int58</name>
         <value>0xfff4</value>
         <object_component_ref idref="oc-8a"/>
      </symbol>
      <symbol id="sm-588">
         <name>__TI_int60</name>
         <value>0xfff8</value>
         <object_component_ref idref="oc-8c"/>
      </symbol>
      <symbol id="sm-58b">
         <name>__TI_int61</name>
         <value>0xfffa</value>
         <object_component_ref idref="oc-8d"/>
      </symbol>
      <symbol id="sm-58e">
         <name>__TI_int62</name>
         <value>0xfffc</value>
         <object_component_ref idref="oc-8e"/>
      </symbol>
      <symbol id="sm-596">
         <name>__TI_ISR_TRAP</name>
         <value>0x4550</value>
         <object_component_ref idref="oc-3d9"/>
      </symbol>
      <symbol id="sm-59e">
         <name>__mspabi_slll_9</name>
         <value>0x10c3a</value>
         <object_component_ref idref="oc-526"/>
      </symbol>
      <symbol id="sm-59f">
         <name>__mspabi_slll_8</name>
         <value>0x10c3e</value>
         <object_component_ref idref="oc-526"/>
      </symbol>
      <symbol id="sm-5a0">
         <name>__mspabi_slll_7</name>
         <value>0x10c42</value>
         <object_component_ref idref="oc-526"/>
      </symbol>
      <symbol id="sm-5a1">
         <name>__mspabi_slll_6</name>
         <value>0x10c46</value>
         <object_component_ref idref="oc-526"/>
      </symbol>
      <symbol id="sm-5a2">
         <name>__mspabi_slll_5</name>
         <value>0x10c4a</value>
         <object_component_ref idref="oc-526"/>
      </symbol>
      <symbol id="sm-5a3">
         <name>__mspabi_slll_4</name>
         <value>0x10c4e</value>
         <object_component_ref idref="oc-526"/>
      </symbol>
      <symbol id="sm-5a4">
         <name>__mspabi_slll_3</name>
         <value>0x10c52</value>
         <object_component_ref idref="oc-526"/>
      </symbol>
      <symbol id="sm-5a5">
         <name>__mspabi_slll_2</name>
         <value>0x10c56</value>
         <object_component_ref idref="oc-526"/>
      </symbol>
      <symbol id="sm-5a6">
         <name>__mspabi_slll_1</name>
         <value>0x10c5a</value>
         <object_component_ref idref="oc-526"/>
      </symbol>
      <symbol id="sm-5a7">
         <name>__mspabi_slll_15</name>
         <value>0x10c22</value>
         <object_component_ref idref="oc-526"/>
      </symbol>
      <symbol id="sm-5a8">
         <name>__mspabi_slll_14</name>
         <value>0x10c26</value>
         <object_component_ref idref="oc-526"/>
      </symbol>
      <symbol id="sm-5a9">
         <name>__mspabi_slll_13</name>
         <value>0x10c2a</value>
         <object_component_ref idref="oc-526"/>
      </symbol>
      <symbol id="sm-5aa">
         <name>__mspabi_slll_12</name>
         <value>0x10c2e</value>
         <object_component_ref idref="oc-526"/>
      </symbol>
      <symbol id="sm-5ab">
         <name>__mspabi_slll_11</name>
         <value>0x10c32</value>
         <object_component_ref idref="oc-526"/>
      </symbol>
      <symbol id="sm-5ac">
         <name>__mspabi_slll_10</name>
         <value>0x10c36</value>
         <object_component_ref idref="oc-526"/>
      </symbol>
      <symbol id="sm-5b4">
         <name>__mspabi_srll_8</name>
         <value>0x10c7c</value>
         <object_component_ref idref="oc-5a9"/>
      </symbol>
      <symbol id="sm-5b5">
         <name>__mspabi_srll_9</name>
         <value>0x10c78</value>
         <object_component_ref idref="oc-5a9"/>
      </symbol>
      <symbol id="sm-5b6">
         <name>__mspabi_srll_6</name>
         <value>0x10c84</value>
         <object_component_ref idref="oc-5a9"/>
      </symbol>
      <symbol id="sm-5b7">
         <name>__mspabi_srll_7</name>
         <value>0x10c80</value>
         <object_component_ref idref="oc-5a9"/>
      </symbol>
      <symbol id="sm-5b8">
         <name>__mspabi_srll_4</name>
         <value>0x10c8c</value>
         <object_component_ref idref="oc-5a9"/>
      </symbol>
      <symbol id="sm-5b9">
         <name>__mspabi_srll_5</name>
         <value>0x10c88</value>
         <object_component_ref idref="oc-5a9"/>
      </symbol>
      <symbol id="sm-5ba">
         <name>__mspabi_srll_2</name>
         <value>0x10c94</value>
         <object_component_ref idref="oc-5a9"/>
      </symbol>
      <symbol id="sm-5bb">
         <name>__mspabi_srll_3</name>
         <value>0x10c90</value>
         <object_component_ref idref="oc-5a9"/>
      </symbol>
      <symbol id="sm-5bc">
         <name>__mspabi_srll_1</name>
         <value>0x10c98</value>
         <object_component_ref idref="oc-5a9"/>
      </symbol>
      <symbol id="sm-5bd">
         <name>__mspabi_srll_15</name>
         <value>0x10c60</value>
         <object_component_ref idref="oc-5a9"/>
      </symbol>
      <symbol id="sm-5be">
         <name>__mspabi_srll_14</name>
         <value>0x10c64</value>
         <object_component_ref idref="oc-5a9"/>
      </symbol>
      <symbol id="sm-5bf">
         <name>__mspabi_srll_13</name>
         <value>0x10c68</value>
         <object_component_ref idref="oc-5a9"/>
      </symbol>
      <symbol id="sm-5c0">
         <name>__mspabi_srll_12</name>
         <value>0x10c6c</value>
         <object_component_ref idref="oc-5a9"/>
      </symbol>
      <symbol id="sm-5c1">
         <name>__mspabi_srll_11</name>
         <value>0x10c70</value>
         <object_component_ref idref="oc-5a9"/>
      </symbol>
      <symbol id="sm-5c2">
         <name>__mspabi_srll_10</name>
         <value>0x10c74</value>
         <object_component_ref idref="oc-5a9"/>
      </symbol>
      <symbol id="sm-5cf">
         <name>__mspabi_srlll</name>
         <value>0x10c9e</value>
         <object_component_ref idref="oc-5ba"/>
      </symbol>
      <symbol id="sm-5e2">
         <name>memcpy</name>
         <value>0x10e74</value>
         <object_component_ref idref="oc-3cc"/>
      </symbol>
      <symbol id="sm-5ed">
         <name>__mspabi_mpyi_f5hw</name>
         <value>0x10e1a</value>
         <object_component_ref idref="oc-4f4"/>
      </symbol>
      <symbol id="sm-5f7">
         <name>__mspabi_mpyl_f5hw</name>
         <value>0x10dbe</value>
         <object_component_ref idref="oc-5a4"/>
      </symbol>
      <symbol id="sm-600">
         <name>__mspabi_mpyll_f5hw</name>
         <value>0x109ca</value>
         <object_component_ref idref="oc-5b5"/>
      </symbol>
      <symbol id="sm-609">
         <name>_system_pre_init</name>
         <value>0x10ee0</value>
         <object_component_ref idref="oc-3fd"/>
      </symbol>
      <symbol id="sm-616">
         <name>strlen</name>
         <value>0x10e98</value>
         <object_component_ref idref="oc-5d4"/>
      </symbol>
      <symbol id="sm-63a">
         <name>_auto_init_hold_wdt</name>
         <value>0x10818</value>
         <object_component_ref idref="oc-403"/>
      </symbol>
      <symbol id="sm-650">
         <name>copy_in</name>
         <value>0x10904</value>
         <object_component_ref idref="oc-467"/>
      </symbol>
      <symbol id="sm-65a">
         <name>_system_post_cinit</name>
         <value>0x10ee4</value>
         <object_component_ref idref="oc-46d"/>
      </symbol>
      <symbol id="sm-65c">
         <name>__TI_BINIT_Base</name>
         <value>0x0</value>
      </symbol>
      <symbol id="sm-65d">
         <name>__TI_BINIT_Limit</name>
         <value>0x0</value>
      </symbol>
      <symbol id="sm-65e">
         <name>__TI_INITARRAY_Base</name>
         <value>0x0</value>
      </symbol>
      <symbol id="sm-65f">
         <name>__TI_INITARRAY_Limit</name>
         <value>0x0</value>
      </symbol>
   </symbol_table>
   <title>Link successful</title>
</link_info>
